=== BACKEND BUILD LOG ===
#0 building with "default" instance using docker driver

#1 [internal] load build definition from Dockerfile
#1 transferring dockerfile: 630B 0.0s done
#1 DONE 0.0s

#2 [auth] library/python:pull token for registry-1.docker.io
#2 DONE 0.0s

#3 [internal] load metadata for docker.io/library/python:3.10-slim
#3 DONE 0.3s

#4 [internal] load .dockerignore
#4 transferring context: 2B done
#4 DONE 0.0s

#5 [internal] load build context
#5 transferring context: 663.62kB 0.0s done
#5 DONE 0.0s

#6 [1/6] FROM docker.io/library/python:3.10-slim@sha256:fa184fce49c170a8b1032a4f752f9fe1a7e463e7f5795a3952ca275e166fa913
#6 resolve docker.io/library/python:3.10-slim@sha256:fa184fce49c170a8b1032a4f752f9fe1a7e463e7f5795a3952ca275e166fa913 0.0s done
#6 sha256:761b88a3de45a6f5174e0c4d1df0d0e914f455f182840c27d50ddc4d45fb88a4 249B / 249B 0.1s done
#6 sha256:fa184fce49c170a8b1032a4f752f9fe1a7e463e7f5795a3952ca275e166fa913 10.37kB / 10.37kB done
#6 sha256:63b77b0a7534f76b4e93a956f93dbfe904859858726b3a3e2facd4c8d39e30be 1.75kB / 1.75kB done
#6 sha256:89896ca4c2df7b555d34fb2060a30ce6044f530edb83c11f804369d19d016c90 5.47kB / 5.47kB done
#6 sha256:72c03230f1363a3fb61d2f98504cf168bad3fe22f511ad2005dc021515d7ce97 27.26MB / 29.79MB 0.1s
#6 sha256:f41c0231c824bc5b8565006225367cff6d5d78dd84a6292a459566a78f4ad0cc 1.29MB / 1.29MB 0.1s done
#6 sha256:3c58578f39599387ef9d2d5ba89b53cfcc4e1015508e73dc63d008b672d95bc9 13.82MB / 13.82MB 0.1s
#6 sha256:72c03230f1363a3fb61d2f98504cf168bad3fe22f511ad2005dc021515d7ce97 29.79MB / 29.79MB 0.1s done
#6 sha256:3c58578f39599387ef9d2d5ba89b53cfcc4e1015508e73dc63d008b672d95bc9 13.82MB / 13.82MB 0.1s done
#6 extracting sha256:72c03230f1363a3fb61d2f98504cf168bad3fe22f511ad2005dc021515d7ce97 0.1s
#6 extracting sha256:72c03230f1363a3fb61d2f98504cf168bad3fe22f511ad2005dc021515d7ce97 0.9s done
#6 extracting sha256:f41c0231c824bc5b8565006225367cff6d5d78dd84a6292a459566a78f4ad0cc 0.1s
#6 extracting sha256:f41c0231c824bc5b8565006225367cff6d5d78dd84a6292a459566a78f4ad0cc 0.1s done
#6 extracting sha256:3c58578f39599387ef9d2d5ba89b53cfcc4e1015508e73dc63d008b672d95bc9 0.1s
#6 extracting sha256:3c58578f39599387ef9d2d5ba89b53cfcc4e1015508e73dc63d008b672d95bc9 0.7s done
#6 extracting sha256:761b88a3de45a6f5174e0c4d1df0d0e914f455f182840c27d50ddc4d45fb88a4 done
#6 DONE 2.0s

#7 [2/6] RUN apt-get update && apt-get install -y --no-install-recommends     build-essential     tesseract-ocr     libtesseract-dev     poppler-utils     libgl1     libglib2.0-0     && rm -rf /var/lib/apt/lists/*
#7 0.165 Hit:1 http://deb.debian.org/debian trixie InRelease
#7 0.165 Get:2 http://deb.debian.org/debian trixie-updates InRelease [47.3 kB]
#7 0.167 Get:3 http://deb.debian.org/debian-security trixie-security InRelease [43.4 kB]
#7 0.183 Get:4 http://deb.debian.org/debian trixie/main amd64 Packages [9671 kB]
#7 0.237 Get:5 http://deb.debian.org/debian trixie-updates/main amd64 Packages [5412 B]
#7 0.237 Get:6 http://deb.debian.org/debian-security trixie-security/main amd64 Packages [222 kB]
#7 0.891 Fetched 9989 kB in 1s (13.3 MB/s)
#7 0.891 Reading package lists...
#7 1.429 Reading package lists...
#7 1.963 Building dependency tree...
#7 2.131 Reading state information...
#7 2.318 The following additional packages will be installed:
#7 2.318   binutils binutils-common binutils-x86-64-linux-gnu bzip2 comerr-dev cpp
#7 2.318   cpp-14 cpp-14-x86-64-linux-gnu cpp-x86-64-linux-gnu dirmngr dpkg-dev
#7 2.318   fontconfig fontconfig-config fonts-dejavu-core fonts-dejavu-mono g++ g++-14
#7 2.318   g++-14-x86-64-linux-gnu g++-x86-64-linux-gnu gcc gcc-14
#7 2.318   gcc-14-x86-64-linux-gnu gcc-x86-64-linux-gnu gnupg gnupg-l10n gpg gpg-agent
#7 2.318   gpgconf gpgsm krb5-multidev libacl1-dev libarchive-dev libarchive13t64
#7 2.318   libasan8 libassuan9 libatomic1 libattr1-dev libbinutils libbrotli-dev
#7 2.318   libbrotli1 libbz2-dev libc-dev-bin libc6-dev libcairo2 libcc1-0 libcom-err2
#7 2.318   libcrypt-dev libctf-nobfd0 libctf0 libcurl3t64-gnutls libcurl4-openssl-dev
#7 2.318   libcurl4t64 libdatrie1 libdeflate0 libdpkg-perl libdrm-amdgpu1 libdrm-common
#7 2.319   libdrm-intel1 libdrm2 libedit2 libelf1t64 libevent-2.1-7t64 libexpat1
#7 2.319   libext2fs-dev libext2fs2t64 libfontconfig1 libfreetype6 libfribidi0 libgbm1
#7 2.319   libgcc-14-dev libgcrypt20 libgdbm-compat4t64 libgif7 libgl1-mesa-dri
#7 2.319   libglvnd0 libglx-mesa0 libglx0 libgmp-dev libgmpxx4ldbl libgnutls-dane0t64
#7 2.319   libgnutls-openssl27t64 libgnutls28-dev libgnutls30t64 libgomp1 libgpg-error0
#7 2.319   libgpgme11t64 libgpgmepp6t64 libgprofng0 libgraphite2-3 libgssapi-krb5-2
#7 2.319   libgssrpc4t64 libharfbuzz0b libhwasan0 libicu76 libidn2-0 libidn2-dev
#7 2.319   libisl23 libitm1 libjansson4 libjbig0 libjpeg62-turbo libk5crypto3
#7 2.319   libkadm5clnt-mit12 libkadm5srv-mit12 libkdb5-10t64 libkeyutils1 libkrb5-3
#7 2.319   libkrb5-dev libkrb5support0 libksba8 liblcms2-2 libldap-dev libldap2
#7 2.319   libleptonica-dev libleptonica6 liblerc4 libllvm19 liblsan0 liblz4-dev
#7 2.319   liblzma-dev libmpc3 libmpfr6 libnghttp2-14 libnghttp2-dev libnghttp3-9
#7 2.319   libnghttp3-dev libngtcp2-16 libngtcp2-crypto-gnutls8 libnpth0t64 libnspr4
#7 2.319   libnss3 libopenjp2-7 libp11-kit-dev libp11-kit0 libpango-1.0-0
#7 2.319   libpangocairo-1.0-0 libpangoft2-1.0-0 libpciaccess0 libperl5.40
#7 2.319   libpixman-1-0 libpkgconf3 libpng16-16t64 libpoppler147 libpsl-dev libpsl5t64
#7 2.320   libquadmath0 librtmp-dev librtmp1 libsasl2-2 libsasl2-modules-db
#7 2.320   libsensors-config libsensors5 libsframe1 libsharpyuv0 libssh2-1-dev
#7 2.320   libssh2-1t64 libssl-dev libstdc++-14-dev libtasn1-6 libtasn1-6-dev
#7 2.320   libtesseract5 libthai-data libthai0 libtiff6 libtsan2 libubsan1 libunbound8
#7 2.320   libunistring5 libvulkan1 libwayland-server0 libwebp7 libwebpmux3 libx11-6
#7 2.320   libx11-data libx11-xcb1 libxau6 libxcb-dri3-0 libxcb-glx0 libxcb-present0
#7 2.320   libxcb-randr0 libxcb-render0 libxcb-shm0 libxcb-sync1 libxcb-xfixes0 libxcb1
#7 2.320   libxdmcp6 libxext6 libxml2 libxml2-dev libxrender1 libxshmfence1 libxxf86vm1
#7 2.320   libxxhash-dev libz3-4 libzstd-dev linux-libc-dev make mesa-libgallium
#7 2.321   nettle-dev patch perl perl-modules-5.40 pinentry-curses pkgconf pkgconf-bin
#7 2.321   rpcsvc-proto tesseract-ocr-eng tesseract-ocr-osd xz-utils zlib1g-dev
#7 2.324 Suggested packages:
#7 2.324   binutils-doc gprofng-gui binutils-gold bzip2-doc doc-base cpp-doc
#7 2.324   gcc-14-locales cpp-14-doc dbus-user-session libpam-systemd pinentry-gnome3
#7 2.324   tor debian-keyring debian-tag2upload-keyring g++-multilib g++-14-multilib
#7 2.324   gcc-14-doc gcc-multilib manpages-dev autoconf automake libtool flex bison
#7 2.324   gdb gcc-doc gcc-14-multilib gdb-x86-64-linux-gnu gpg-wks-server parcimonie
#7 2.324   xloadimage scdaemon tpm2daemon krb5-doc lrzip libc-devtools glibc-doc
#7 2.324   libcurl4-doc libidn-dev sensible-utils git bzr rng-tools low-memory-monitor
#7 2.324   gmp-doc libgmp10-doc libmpfr-dev dns-root-data gnutls-bin gnutls-doc
#7 2.324   krb5-user liblcms2-utils liblzma-doc libnghttp2-doc p11-kit-doc pciutils
#7 2.324   lm-sensors libssl-doc libstdc++-14-doc make-doc ed diffutils-doc perl-doc
#7 2.324   libterm-readline-gnu-perl | libterm-readline-perl-perl
#7 2.324   libtap-harness-archive-perl pinentry-doc
#7 2.324 Recommended packages:
#7 2.324   fakeroot libalgorithm-merge-perl gnupg-utils gpg-wks-client gpgv bzip2-doc
#7 2.324   manpages manpages-dev libfile-fcntllock-perl liblocale-gettext-perl
#7 2.324   libglib2.0-data shared-mime-info xdg-user-dirs libgpg-error-l10n
#7 2.324   krb5-locales libldap-common poppler-data publicsuffix libsasl2-modules
#7 2.324   libtasn1-doc mesa-vulkan-drivers | vulkan-icd
#7 3.087 The following NEW packages will be installed:
#7 3.087   binutils binutils-common binutils-x86-64-linux-gnu build-essential bzip2
#7 3.087   comerr-dev cpp cpp-14 cpp-14-x86-64-linux-gnu cpp-x86-64-linux-gnu dirmngr
#7 3.087   dpkg-dev fontconfig fontconfig-config fonts-dejavu-core fonts-dejavu-mono
#7 3.087   g++ g++-14 g++-14-x86-64-linux-gnu g++-x86-64-linux-gnu gcc gcc-14
#7 3.087   gcc-14-x86-64-linux-gnu gcc-x86-64-linux-gnu gnupg gnupg-l10n gpg gpg-agent
#7 3.087   gpgconf gpgsm krb5-multidev libacl1-dev libarchive-dev libarchive13t64
#7 3.087   libasan8 libassuan9 libatomic1 libattr1-dev libbinutils libbrotli-dev
#7 3.087   libbrotli1 libbz2-dev libc-dev-bin libc6-dev libcairo2 libcc1-0 libcom-err2
#7 3.087   libcrypt-dev libctf-nobfd0 libctf0 libcurl3t64-gnutls libcurl4-openssl-dev
#7 3.087   libcurl4t64 libdatrie1 libdeflate0 libdpkg-perl libdrm-amdgpu1 libdrm-common
#7 3.087   libdrm-intel1 libdrm2 libedit2 libelf1t64 libevent-2.1-7t64 libexpat1
#7 3.087   libext2fs-dev libext2fs2t64 libfontconfig1 libfreetype6 libfribidi0 libgbm1
#7 3.087   libgcc-14-dev libgcrypt20 libgdbm-compat4t64 libgif7 libgl1 libgl1-mesa-dri
#7 3.087   libglib2.0-0t64 libglvnd0 libglx-mesa0 libglx0 libgmp-dev libgmpxx4ldbl
#7 3.087   libgnutls-dane0t64 libgnutls-openssl27t64 libgnutls28-dev libgnutls30t64
#7 3.088   libgomp1 libgpg-error0 libgpgme11t64 libgpgmepp6t64 libgprofng0
#7 3.088   libgraphite2-3 libgssapi-krb5-2 libgssrpc4t64 libharfbuzz0b libhwasan0
#7 3.088   libicu76 libidn2-0 libidn2-dev libisl23 libitm1 libjansson4 libjbig0
#7 3.088   libjpeg62-turbo libk5crypto3 libkadm5clnt-mit12 libkadm5srv-mit12
#7 3.088   libkdb5-10t64 libkeyutils1 libkrb5-3 libkrb5-dev libkrb5support0 libksba8
#7 3.088   liblcms2-2 libldap-dev libldap2 libleptonica-dev libleptonica6 liblerc4
#7 3.088   libllvm19 liblsan0 liblz4-dev liblzma-dev libmpc3 libmpfr6 libnghttp2-14
#7 3.088   libnghttp2-dev libnghttp3-9 libnghttp3-dev libngtcp2-16
#7 3.088   libngtcp2-crypto-gnutls8 libnpth0t64 libnspr4 libnss3 libopenjp2-7
#7 3.088   libp11-kit-dev libp11-kit0 libpango-1.0-0 libpangocairo-1.0-0
#7 3.088   libpangoft2-1.0-0 libpciaccess0 libperl5.40 libpixman-1-0 libpkgconf3
#7 3.088   libpng16-16t64 libpoppler147 libpsl-dev libpsl5t64 libquadmath0 librtmp-dev
#7 3.088   librtmp1 libsasl2-2 libsasl2-modules-db libsensors-config libsensors5
#7 3.088   libsframe1 libsharpyuv0 libssh2-1-dev libssh2-1t64 libssl-dev
#7 3.088   libstdc++-14-dev libtasn1-6 libtasn1-6-dev libtesseract-dev libtesseract5
#7 3.088   libthai-data libthai0 libtiff6 libtsan2 libubsan1 libunbound8 libunistring5
#7 3.088   libvulkan1 libwayland-server0 libwebp7 libwebpmux3 libx11-6 libx11-data
#7 3.088   libx11-xcb1 libxau6 libxcb-dri3-0 libxcb-glx0 libxcb-present0 libxcb-randr0
#7 3.088   libxcb-render0 libxcb-shm0 libxcb-sync1 libxcb-xfixes0 libxcb1 libxdmcp6
#7 3.088   libxext6 libxml2 libxml2-dev libxrender1 libxshmfence1 libxxf86vm1
#7 3.088   libxxhash-dev libz3-4 libzstd-dev linux-libc-dev make mesa-libgallium
#7 3.089   nettle-dev patch perl perl-modules-5.40 pinentry-curses pkgconf pkgconf-bin
#7 3.089   poppler-utils rpcsvc-proto tesseract-ocr tesseract-ocr-eng tesseract-ocr-osd
#7 3.089   xz-utils zlib1g-dev
#7 3.128 0 upgraded, 216 newly installed, 0 to remove and 0 not upgraded.
#7 3.128 Need to get 215 MB of archives.
#7 3.128 After this operation, 922 MB of additional disk space will be used.
#7 3.128 Get:1 http://deb.debian.org/debian trixie/main amd64 libexpat1 amd64 2.7.1-2 [108 kB]
#7 3.131 Get:2 http://deb.debian.org/debian trixie/main amd64 bzip2 amd64 1.0.8-6 [40.5 kB]
#7 3.131 Get:3 http://deb.debian.org/debian trixie/main amd64 perl-modules-5.40 all 5.40.1-6 [3019 kB]
#7 3.145 Get:4 http://deb.debian.org/debian trixie/main amd64 libgdbm-compat4t64 amd64 1.24-2 [50.3 kB]
#7 3.146 Get:5 http://deb.debian.org/debian trixie/main amd64 libperl5.40 amd64 5.40.1-6 [4341 kB]
#7 3.162 Get:6 http://deb.debian.org/debian trixie/main amd64 perl amd64 5.40.1-6 [267 kB]
#7 3.163 Get:7 http://deb.debian.org/debian trixie/main amd64 xz-utils amd64 5.8.1-1 [660 kB]
#7 3.165 Get:8 http://deb.debian.org/debian trixie/main amd64 libsframe1 amd64 2.44-3 [78.4 kB]
#7 3.167 Get:9 http://deb.debian.org/debian trixie/main amd64 binutils-common amd64 2.44-3 [2509 kB]
#7 3.182 Get:10 http://deb.debian.org/debian trixie/main amd64 libbinutils amd64 2.44-3 [534 kB]
#7 3.187 Get:11 http://deb.debian.org/debian trixie/main amd64 libgprofng0 amd64 2.44-3 [808 kB]
#7 3.190 Get:12 http://deb.debian.org/debian trixie/main amd64 libctf-nobfd0 amd64 2.44-3 [156 kB]
#7 3.190 Get:13 http://deb.debian.org/debian trixie/main amd64 libctf0 amd64 2.44-3 [88.6 kB]
#7 3.191 Get:14 http://deb.debian.org/debian trixie/main amd64 libjansson4 amd64 2.14-2+b3 [39.8 kB]
#7 3.191 Get:15 http://deb.debian.org/debian trixie/main amd64 binutils-x86-64-linux-gnu amd64 2.44-3 [1014 kB]
#7 3.195 Get:16 http://deb.debian.org/debian trixie/main amd64 binutils amd64 2.44-3 [265 kB]
#7 3.197 Get:17 http://deb.debian.org/debian trixie/main amd64 libc-dev-bin amd64 2.41-12+deb13u3 [59.8 kB]
#7 3.197 Get:18 http://deb.debian.org/debian-security trixie-security/main amd64 linux-libc-dev all 6.12.94-1 [2848 kB]
#7 3.203 Get:19 http://deb.debian.org/debian trixie/main amd64 libcrypt-dev amd64 1:4.4.38-1 [119 kB]
#7 3.204 Get:20 http://deb.debian.org/debian trixie/main amd64 rpcsvc-proto amd64 1.4.3-1 [63.3 kB]
#7 3.205 Get:21 http://deb.debian.org/debian trixie/main amd64 libc6-dev amd64 2.41-12+deb13u3 [1992 kB]
#7 3.212 Get:22 http://deb.debian.org/debian trixie/main amd64 libisl23 amd64 0.27-1 [659 kB]
#7 3.214 Get:23 http://deb.debian.org/debian trixie/main amd64 libmpfr6 amd64 4.2.2-1 [729 kB]
#7 3.217 Get:24 http://deb.debian.org/debian trixie/main amd64 libmpc3 amd64 1.3.1-1+b3 [52.2 kB]
#7 3.217 Get:25 http://deb.debian.org/debian trixie/main amd64 cpp-14-x86-64-linux-gnu amd64 14.2.0-19 [11.0 MB]
#7 3.255 Get:26 http://deb.debian.org/debian trixie/main amd64 cpp-14 amd64 14.2.0-19 [1280 B]
#7 3.255 Get:27 http://deb.debian.org/debian trixie/main amd64 cpp-x86-64-linux-gnu amd64 4:14.2.0-1 [4840 B]
#7 3.256 Get:28 http://deb.debian.org/debian trixie/main amd64 cpp amd64 4:14.2.0-1 [1568 B]
#7 3.256 Get:29 http://deb.debian.org/debian trixie/main amd64 libcc1-0 amd64 14.2.0-19 [42.8 kB]
#7 3.256 Get:30 http://deb.debian.org/debian trixie/main amd64 libgomp1 amd64 14.2.0-19 [137 kB]
#7 3.257 Get:31 http://deb.debian.org/debian trixie/main amd64 libitm1 amd64 14.2.0-19 [26.0 kB]
#7 3.257 Get:32 http://deb.debian.org/debian trixie/main amd64 libatomic1 amd64 14.2.0-19 [9308 B]
#7 3.258 Get:33 http://deb.debian.org/debian trixie/main amd64 libasan8 amd64 14.2.0-19 [2725 kB]
#7 3.266 Get:34 http://deb.debian.org/debian trixie/main amd64 liblsan0 amd64 14.2.0-19 [1204 kB]
#7 3.270 Get:35 http://deb.debian.org/debian trixie/main amd64 libtsan2 amd64 14.2.0-19 [2460 kB]
#7 3.279 Get:36 http://deb.debian.org/debian trixie/main amd64 libubsan1 amd64 14.2.0-19 [1074 kB]
#7 3.282 Get:37 http://deb.debian.org/debian trixie/main amd64 libhwasan0 amd64 14.2.0-19 [1488 kB]
#7 3.292 Get:38 http://deb.debian.org/debian trixie/main amd64 libquadmath0 amd64 14.2.0-19 [145 kB]
#7 3.292 Get:39 http://deb.debian.org/debian trixie/main amd64 libgcc-14-dev amd64 14.2.0-19 [2672 kB]
#7 3.301 Get:40 http://deb.debian.org/debian trixie/main amd64 gcc-14-x86-64-linux-gnu amd64 14.2.0-19 [21.4 MB]
#7 3.370 Get:41 http://deb.debian.org/debian trixie/main amd64 gcc-14 amd64 14.2.0-19 [540 kB]
#7 3.372 Get:42 http://deb.debian.org/debian trixie/main amd64 gcc-x86-64-linux-gnu amd64 4:14.2.0-1 [1436 B]
#7 3.376 Get:43 http://deb.debian.org/debian trixie/main amd64 gcc amd64 4:14.2.0-1 [5136 B]
#7 3.376 Get:44 http://deb.debian.org/debian trixie/main amd64 libstdc++-14-dev amd64 14.2.0-19 [2376 kB]
#7 3.382 Get:45 http://deb.debian.org/debian trixie/main amd64 g++-14-x86-64-linux-gnu amd64 14.2.0-19 [12.1 MB]
#7 3.422 Get:46 http://deb.debian.org/debian trixie/main amd64 g++-14 amd64 14.2.0-19 [22.5 kB]
#7 3.424 Get:47 http://deb.debian.org/debian trixie/main amd64 g++-x86-64-linux-gnu amd64 4:14.2.0-1 [1200 B]
#7 3.424 Get:48 http://deb.debian.org/debian trixie/main amd64 g++ amd64 4:14.2.0-1 [1344 B]
#7 3.424 Get:49 http://deb.debian.org/debian trixie/main amd64 make amd64 4.4.1-2 [463 kB]
#7 3.425 Get:50 http://deb.debian.org/debian trixie/main amd64 libdpkg-perl all 1.22.22 [651 kB]
#7 3.428 Get:51 http://deb.debian.org/debian trixie/main amd64 patch amd64 2.8-2 [134 kB]
#7 3.428 Get:52 http://deb.debian.org/debian trixie/main amd64 dpkg-dev all 1.22.22 [1337 kB]
#7 3.433 Get:53 http://deb.debian.org/debian trixie/main amd64 build-essential amd64 12.12 [4624 B]
#7 3.434 Get:54 http://deb.debian.org/debian trixie/main amd64 libcom-err2 amd64 1.47.2-3+b11 [25.0 kB]
#7 3.434 Get:55 http://deb.debian.org/debian trixie/main amd64 comerr-dev amd64 2.1-1.47.2-3+b11 [56.7 kB]
#7 3.434 Get:56 http://deb.debian.org/debian trixie/main amd64 libgpg-error0 amd64 1.51-4 [82.1 kB]
#7 3.434 Get:57 http://deb.debian.org/debian trixie/main amd64 libassuan9 amd64 3.0.2-2 [61.5 kB]
#7 3.435 Get:58 http://deb.debian.org/debian-security trixie-security/main amd64 libgcrypt20 amd64 1.11.0-7+deb13u1 [843 kB]
#7 3.437 Get:59 http://deb.debian.org/debian trixie/main amd64 gpgconf amd64 2.4.7-21+deb13u1+b3 [129 kB]
#7 3.437 Get:60 http://deb.debian.org/debian trixie/main amd64 libunistring5 amd64 1.3-2 [477 kB]
#7 3.439 Get:61 http://deb.debian.org/debian trixie/main amd64 libidn2-0 amd64 2.3.8-2 [109 kB]
#7 3.440 Get:62 http://deb.debian.org/debian trixie/main amd64 libp11-kit0 amd64 0.25.5-3 [425 kB]
#7 3.441 Get:63 http://deb.debian.org/debian trixie/main amd64 libtasn1-6 amd64 4.20.0-2 [49.9 kB]
#7 3.442 Get:64 http://deb.debian.org/debian-security trixie-security/main amd64 libgnutls30t64 amd64 3.8.9-3+deb13u4 [1469 kB]
#7 3.445 Get:65 http://deb.debian.org/debian trixie/main amd64 libksba8 amd64 1.6.7-2+b1 [136 kB]
#7 3.445 Get:66 http://deb.debian.org/debian trixie/main amd64 libsasl2-modules-db amd64 2.1.28+dfsg1-9 [19.8 kB]
#7 3.446 Get:67 http://deb.debian.org/debian trixie/main amd64 libsasl2-2 amd64 2.1.28+dfsg1-9 [57.5 kB]
#7 3.446 Get:68 http://deb.debian.org/debian trixie/main amd64 libldap2 amd64 2.6.10+dfsg-1 [194 kB]
#7 3.447 Get:69 http://deb.debian.org/debian trixie/main amd64 libnpth0t64 amd64 1.8-3 [23.2 kB]
#7 3.447 Get:70 http://deb.debian.org/debian trixie/main amd64 dirmngr amd64 2.4.7-21+deb13u1+b3 [384 kB]
#7 3.449 Get:71 http://deb.debian.org/debian trixie/main amd64 libbrotli1 amd64 1.1.0-2+b7 [307 kB]
#7 3.450 Get:72 http://deb.debian.org/debian trixie/main amd64 libpng16-16t64 amd64 1.6.48-1+deb13u5 [283 kB]
#7 3.452 Get:73 http://deb.debian.org/debian trixie/main amd64 libfreetype6 amd64 2.13.3+dfsg-1+deb13u1 [452 kB]
#7 3.453 Get:74 http://deb.debian.org/debian trixie/main amd64 fonts-dejavu-mono all 2.37-8 [489 kB]
#7 3.455 Get:75 http://deb.debian.org/debian trixie/main amd64 fonts-dejavu-core all 2.37-8 [840 kB]
#7 3.458 Get:76 http://deb.debian.org/debian trixie/main amd64 fontconfig-config amd64 2.15.0-2.3 [318 kB]
#7 3.460 Get:77 http://deb.debian.org/debian trixie/main amd64 libfontconfig1 amd64 2.15.0-2.3 [392 kB]
#7 3.461 Get:78 http://deb.debian.org/debian trixie/main amd64 fontconfig amd64 2.15.0-2.3 [463 kB]
#7 3.463 Get:79 http://deb.debian.org/debian trixie/main amd64 gnupg-l10n all 2.4.7-21+deb13u1 [749 kB]
#7 3.466 Get:80 http://deb.debian.org/debian trixie/main amd64 gpg amd64 2.4.7-21+deb13u1+b3 [635 kB]
#7 3.468 Get:81 http://deb.debian.org/debian trixie/main amd64 pinentry-curses amd64 1.3.1-2 [86.4 kB]
#7 3.469 Get:82 http://deb.debian.org/debian trixie/main amd64 gpg-agent amd64 2.4.7-21+deb13u1+b3 [271 kB]
#7 3.470 Get:83 http://deb.debian.org/debian trixie/main amd64 gpgsm amd64 2.4.7-21+deb13u1+b3 [276 kB]
#7 3.471 Get:84 http://deb.debian.org/debian trixie/main amd64 gnupg all 2.4.7-21+deb13u1 [417 kB]
#7 3.473 Get:85 http://deb.debian.org/debian-security trixie-security/main amd64 libkrb5support0 amd64 1.21.3-5+deb13u1 [33.1 kB]
#7 3.473 Get:86 http://deb.debian.org/debian-security trixie-security/main amd64 libk5crypto3 amd64 1.21.3-5+deb13u1 [81.2 kB]
#7 3.473 Get:87 http://deb.debian.org/debian trixie/main amd64 libkeyutils1 amd64 1.6.3-6 [9456 B]
#7 3.474 Get:88 http://deb.debian.org/debian-security trixie-security/main amd64 libkrb5-3 amd64 1.21.3-5+deb13u1 [326 kB]
#7 3.475 Get:89 http://deb.debian.org/debian-security trixie-security/main amd64 libgssapi-krb5-2 amd64 1.21.3-5+deb13u1 [138 kB]
#7 3.475 Get:90 http://deb.debian.org/debian-security trixie-security/main amd64 libgssrpc4t64 amd64 1.21.3-5+deb13u1 [60.1 kB]
#7 3.476 Get:91 http://deb.debian.org/debian-security trixie-security/main amd64 libkadm5clnt-mit12 amd64 1.21.3-5+deb13u1 [42.6 kB]
#7 3.476 Get:92 http://deb.debian.org/debian-security trixie-security/main amd64 libkdb5-10t64 amd64 1.21.3-5+deb13u1 [42.8 kB]
#7 3.477 Get:93 http://deb.debian.org/debian-security trixie-security/main amd64 libkadm5srv-mit12 amd64 1.21.3-5+deb13u1 [54.4 kB]
#7 3.477 Get:94 http://deb.debian.org/debian-security trixie-security/main amd64 krb5-multidev amd64 1.21.3-5+deb13u1 [126 kB]
#7 3.478 Get:95 http://deb.debian.org/debian trixie/main amd64 libattr1-dev amd64 1:2.5.2-3 [36.5 kB]
#7 3.478 Get:96 http://deb.debian.org/debian trixie/main amd64 libacl1-dev amd64 2.3.2-2+b1 [94.1 kB]
#7 3.479 Get:97 http://deb.debian.org/debian trixie/main amd64 libxml2 amd64 2.12.7+dfsg+really2.9.14-2.1+deb13u2 [698 kB]
#7 3.480 Get:98 http://deb.debian.org/debian trixie/main amd64 libarchive13t64 amd64 3.7.4-4+deb13u1 [350 kB]
#7 3.482 Get:99 http://deb.debian.org/debian trixie/main amd64 libbz2-dev amd64 1.0.8-6 [31.4 kB]
#7 3.482 Get:100 http://deb.debian.org/debian trixie/main amd64 libext2fs2t64 amd64 1.47.2-3+b11 [213 kB]
#7 3.483 Get:101 http://deb.debian.org/debian trixie/main amd64 libext2fs-dev amd64 1.47.2-3+b11 [299 kB]
#7 3.485 Get:102 http://deb.debian.org/debian trixie/main amd64 libxxhash-dev amd64 0.8.3-2 [81.0 kB]
#7 3.485 Get:103 http://deb.debian.org/debian trixie/main amd64 liblz4-dev amd64 1.10.0-4 [88.4 kB]
#7 3.486 Get:104 http://deb.debian.org/debian trixie/main amd64 liblzma-dev amd64 5.8.1-1 [348 kB]
#7 3.487 Get:105 http://deb.debian.org/debian trixie/main amd64 libxml2-dev amd64 2.12.7+dfsg+really2.9.14-2.1+deb13u2 [794 kB]
#7 3.490 Get:106 http://deb.debian.org/debian trixie/main amd64 libzstd-dev amd64 1.5.7+dfsg-1 [371 kB]
#7 3.492 Get:107 http://deb.debian.org/debian trixie/main amd64 libgmpxx4ldbl amd64 2:6.3.0+dfsg-3 [329 kB]
#7 3.493 Get:108 http://deb.debian.org/debian trixie/main amd64 libgmp-dev amd64 2:6.3.0+dfsg-3 [642 kB]
#7 3.496 Get:109 http://deb.debian.org/debian trixie/main amd64 nettle-dev amd64 3.10.1-1 [1318 kB]
#7 3.500 Get:110 http://deb.debian.org/debian trixie/main amd64 zlib1g-dev amd64 1:1.3.dfsg+really1.3.1-1+b1 [920 kB]
#7 3.504 Get:111 http://deb.debian.org/debian trixie/main amd64 libarchive-dev amd64 3.7.4-4+deb13u1 [566 kB]
#7 3.506 Get:112 http://deb.debian.org/debian trixie/main amd64 libbrotli-dev amd64 1.1.0-2+b7 [316 kB]
#7 3.507 Get:113 http://deb.debian.org/debian trixie/main amd64 libpixman-1-0 amd64 0.44.0-3 [248 kB]
#7 3.508 Get:114 http://deb.debian.org/debian trixie/main amd64 libxau6 amd64 1:1.0.11-1 [20.4 kB]
#7 3.509 Get:115 http://deb.debian.org/debian trixie/main amd64 libxdmcp6 amd64 1:1.1.5-1 [27.8 kB]
#7 3.509 Get:116 http://deb.debian.org/debian trixie/main amd64 libxcb1 amd64 1.17.0-2+b1 [144 kB]
#7 3.510 Get:117 http://deb.debian.org/debian trixie/main amd64 libx11-data all 2:1.8.12-1 [343 kB]
#7 3.511 Get:118 http://deb.debian.org/debian trixie/main amd64 libx11-6 amd64 2:1.8.12-1 [815 kB]
#7 3.514 Get:119 http://deb.debian.org/debian trixie/main amd64 libxcb-render0 amd64 1.17.0-2+b1 [115 kB]
#7 3.515 Get:120 http://deb.debian.org/debian trixie/main amd64 libxcb-shm0 amd64 1.17.0-2+b1 [105 kB]
#7 3.515 Get:121 http://deb.debian.org/debian trixie/main amd64 libxext6 amd64 2:1.3.4-1+b3 [50.4 kB]
#7 3.516 Get:122 http://deb.debian.org/debian trixie/main amd64 libxrender1 amd64 1:0.9.12-1 [27.9 kB]
#7 3.516 Get:123 http://deb.debian.org/debian trixie/main amd64 libcairo2 amd64 1.18.4-1+b1 [538 kB]
#7 3.518 Get:124 http://deb.debian.org/debian-security trixie-security/main amd64 libnghttp2-14 amd64 1.64.0-1.1+deb13u1 [76.2 kB]
#7 3.519 Get:125 http://deb.debian.org/debian trixie/main amd64 libnghttp3-9 amd64 1.8.0-1 [67.7 kB]
#7 3.520 Get:126 http://deb.debian.org/debian trixie/main amd64 libngtcp2-16 amd64 1.11.0-1+deb13u1 [132 kB]
#7 3.520 Get:127 http://deb.debian.org/debian trixie/main amd64 libngtcp2-crypto-gnutls8 amd64 1.11.0-1+deb13u1 [29.5 kB]
#7 3.520 Get:128 http://deb.debian.org/debian trixie/main amd64 libpsl5t64 amd64 0.21.2-1.1+b1 [57.2 kB]
#7 3.522 Get:129 http://deb.debian.org/debian trixie/main amd64 librtmp1 amd64 2.4+20151223.gitfa8646d.1-2+b5 [58.8 kB]
#7 3.522 Get:130 http://deb.debian.org/debian trixie/main amd64 libssh2-1t64 amd64 1.11.1-1 [245 kB]
#7 3.523 Get:131 http://deb.debian.org/debian trixie/main amd64 libcurl3t64-gnutls amd64 8.14.1-2+deb13u3 [384 kB]
#7 3.524 Get:132 http://deb.debian.org/debian trixie/main amd64 libcurl4t64 amd64 8.14.1-2+deb13u3 [391 kB]
#7 3.526 Get:133 http://deb.debian.org/debian trixie/main amd64 libidn2-dev amd64 2.3.8-2 [103 kB]
#7 3.526 Get:134 http://deb.debian.org/debian-security trixie-security/main amd64 libkrb5-dev amd64 1.21.3-5+deb13u1 [16.2 kB]
#7 3.527 Get:135 http://deb.debian.org/debian trixie/main amd64 libldap-dev amd64 2.6.10+dfsg-1 [312 kB]
#7 3.528 Get:136 http://deb.debian.org/debian trixie/main amd64 libpkgconf3 amd64 1.8.1-4 [36.4 kB]
#7 3.528 Get:137 http://deb.debian.org/debian trixie/main amd64 pkgconf-bin amd64 1.8.1-4 [30.2 kB]
#7 3.528 Get:138 http://deb.debian.org/debian trixie/main amd64 pkgconf amd64 1.8.1-4 [26.2 kB]
#7 3.529 Get:139 http://deb.debian.org/debian-security trixie-security/main amd64 libnghttp2-dev amd64 1.64.0-1.1+deb13u1 [117 kB]
#7 3.530 Get:140 http://deb.debian.org/debian trixie/main amd64 libnghttp3-dev amd64 1.8.0-1 [91.3 kB]
#7 3.530 Get:141 http://deb.debian.org/debian trixie/main amd64 libpsl-dev amd64 0.21.2-1.1+b1 [77.6 kB]
#7 3.531 Get:142 http://deb.debian.org/debian trixie/main amd64 libevent-2.1-7t64 amd64 2.1.12-stable-10+b1 [182 kB]
#7 3.531 Get:143 http://deb.debian.org/debian-security trixie-security/main amd64 libunbound8 amd64 1.22.0-2+deb13u3 [599 kB]
#7 3.533 Get:144 http://deb.debian.org/debian-security trixie-security/main amd64 libgnutls-dane0t64 amd64 3.8.9-3+deb13u4 [456 kB]
#7 3.534 Get:145 http://deb.debian.org/debian-security trixie-security/main amd64 libgnutls-openssl27t64 amd64 3.8.9-3+deb13u4 [456 kB]
#7 3.536 Get:146 http://deb.debian.org/debian trixie/main amd64 libp11-kit-dev amd64 0.25.5-3 [208 kB]
#7 3.537 Get:147 http://deb.debian.org/debian trixie/main amd64 libtasn1-6-dev amd64 4.20.0-2 [99.2 kB]
#7 3.537 Get:148 http://deb.debian.org/debian-security trixie-security/main amd64 libgnutls28-dev amd64 3.8.9-3+deb13u4 [1411 kB]
#7 3.541 Get:149 http://deb.debian.org/debian trixie/main amd64 librtmp-dev amd64 2.4+20151223.gitfa8646d.1-2+b5 [68.0 kB]
#7 3.541 Get:150 http://deb.debian.org/debian-security trixie-security/main amd64 libssl-dev amd64 3.5.6-1~deb13u2 [2959 kB]
#7 3.546 Get:151 http://deb.debian.org/debian trixie/main amd64 libssh2-1-dev amd64 1.11.1-1 [393 kB]
#7 3.548 Get:152 http://deb.debian.org/debian trixie/main amd64 libcurl4-openssl-dev amd64 8.14.1-2+deb13u3 [510 kB]
#7 3.550 Get:153 http://deb.debian.org/debian trixie/main amd64 libdatrie1 amd64 0.2.13-3+b1 [38.1 kB]
#7 3.550 Get:154 http://deb.debian.org/debian trixie/main amd64 libdeflate0 amd64 1.23-2 [47.3 kB]
#7 3.551 Get:155 http://deb.debian.org/debian trixie/main amd64 libdrm-common all 2.4.124-2 [8288 B]
#7 3.551 Get:156 http://deb.debian.org/debian trixie/main amd64 libdrm2 amd64 2.4.124-2 [39.0 kB]
#7 3.552 Get:157 http://deb.debian.org/debian trixie/main amd64 libdrm-amdgpu1 amd64 2.4.124-2 [22.6 kB]
#7 3.552 Get:158 http://deb.debian.org/debian trixie/main amd64 libpciaccess0 amd64 0.17-3+b3 [51.9 kB]
#7 3.552 Get:159 http://deb.debian.org/debian trixie/main amd64 libdrm-intel1 amd64 2.4.124-2 [64.1 kB]
#7 3.553 Get:160 http://deb.debian.org/debian trixie/main amd64 libedit2 amd64 3.1-20250104-1 [93.8 kB]
#7 3.553 Get:161 http://deb.debian.org/debian trixie/main amd64 libelf1t64 amd64 0.192-4 [189 kB]
#7 3.554 Get:162 http://deb.debian.org/debian trixie/main amd64 libfribidi0 amd64 1.0.16-1 [26.5 kB]
#7 3.555 Get:163 http://deb.debian.org/debian trixie/main amd64 libwayland-server0 amd64 1.23.1-3 [34.4 kB]
#7 3.555 Get:164 http://deb.debian.org/debian trixie/main amd64 libz3-4 amd64 4.13.3-1 [8560 kB]
#7 3.583 Get:165 http://deb.debian.org/debian trixie/main amd64 libllvm19 amd64 1:19.1.7-3+b1 [26.0 MB]
#7 3.664 Get:166 http://deb.debian.org/debian trixie/main amd64 libsensors-config all 1:3.6.2-2 [16.2 kB]
#7 3.665 Get:167 http://deb.debian.org/debian trixie/main amd64 libsensors5 amd64 1:3.6.2-2 [37.5 kB]
#7 3.666 Get:168 http://deb.debian.org/debian trixie/main amd64 libx11-xcb1 amd64 2:1.8.12-1 [247 kB]
#7 3.666 Get:169 http://deb.debian.org/debian trixie/main amd64 libxcb-dri3-0 amd64 1.17.0-2+b1 [107 kB]
#7 3.668 Get:170 http://deb.debian.org/debian trixie/main amd64 libxcb-present0 amd64 1.17.0-2+b1 [106 kB]
#7 3.668 Get:171 http://deb.debian.org/debian trixie/main amd64 libxcb-randr0 amd64 1.17.0-2+b1 [117 kB]
#7 3.670 Get:172 http://deb.debian.org/debian trixie/main amd64 libxcb-sync1 amd64 1.17.0-2+b1 [109 kB]
#7 3.670 Get:173 http://deb.debian.org/debian trixie/main amd64 libxcb-xfixes0 amd64 1.17.0-2+b1 [109 kB]
#7 3.670 Get:174 http://deb.debian.org/debian trixie/main amd64 libxshmfence1 amd64 1.3.3-1 [10.9 kB]
#7 3.671 Get:175 http://deb.debian.org/debian trixie/main amd64 mesa-libgallium amd64 25.0.7-2 [9629 kB]
#7 3.702 Get:176 http://deb.debian.org/debian trixie/main amd64 libgbm1 amd64 25.0.7-2 [44.4 kB]
#7 3.703 Get:177 http://deb.debian.org/debian trixie/main amd64 libgif7 amd64 5.2.2-1+b1 [44.2 kB]
#7 3.704 Get:178 http://deb.debian.org/debian trixie/main amd64 libglvnd0 amd64 1.7.0-1+b2 [52.0 kB]
#7 3.704 Get:179 http://deb.debian.org/debian trixie/main amd64 libxcb-glx0 amd64 1.17.0-2+b1 [122 kB]
#7 3.704 Get:180 http://deb.debian.org/debian trixie/main amd64 libxxf86vm1 amd64 1:1.1.4-1+b4 [19.3 kB]
#7 3.704 Get:181 http://deb.debian.org/debian trixie/main amd64 libvulkan1 amd64 1.4.309.0-1 [130 kB]
#7 3.707 Get:182 http://deb.debian.org/debian trixie/main amd64 libgl1-mesa-dri amd64 25.0.7-2 [46.1 kB]
#7 3.707 Get:183 http://deb.debian.org/debian trixie/main amd64 libglx-mesa0 amd64 25.0.7-2 [143 kB]
#7 3.707 Get:184 http://deb.debian.org/debian trixie/main amd64 libglx0 amd64 1.7.0-1+b2 [34.9 kB]
#7 3.707 Get:185 http://deb.debian.org/debian trixie/main amd64 libgl1 amd64 1.7.0-1+b2 [89.5 kB]
#7 3.708 Get:186 http://deb.debian.org/debian trixie/main amd64 libglib2.0-0t64 amd64 2.84.4-3~deb13u3 [1519 kB]
#7 3.714 Get:187 http://deb.debian.org/debian trixie/main amd64 libgpgme11t64 amd64 1.24.2-3 [346 kB]
#7 3.715 Get:188 http://deb.debian.org/debian trixie/main amd64 libgpgmepp6t64 amd64 1.24.2-3 [341 kB]
#7 3.717 Get:189 http://deb.debian.org/debian trixie/main amd64 libgraphite2-3 amd64 1.3.14-2+b1 [75.4 kB]
#7 3.717 Get:190 http://deb.debian.org/debian trixie/main amd64 libharfbuzz0b amd64 10.2.0-1+deb13u1 [479 kB]
#7 3.719 Get:191 http://deb.debian.org/debian trixie/main amd64 libicu76 amd64 76.1-4 [9722 kB]
#7 3.750 Get:192 http://deb.debian.org/debian trixie/main amd64 libjbig0 amd64 2.1-6.1+b2 [32.1 kB]
#7 3.751 Get:193 http://deb.debian.org/debian trixie/main amd64 libjpeg62-turbo amd64 1:2.1.5-4 [168 kB]
#7 3.751 Get:194 http://deb.debian.org/debian trixie/main amd64 liblcms2-2 amd64 2.16-2+deb13u2 [160 kB]
#7 3.752 Get:195 http://deb.debian.org/debian-security trixie-security/main amd64 libopenjp2-7 amd64 2.5.3-2.1~deb13u2 [205 kB]
#7 3.753 Get:196 http://deb.debian.org/debian trixie/main amd64 liblerc4 amd64 4.0.0+ds-5 [183 kB]
#7 3.754 Get:197 http://deb.debian.org/debian trixie/main amd64 libsharpyuv0 amd64 1.5.0-0.1 [116 kB]
#7 3.754 Get:198 http://deb.debian.org/debian trixie/main amd64 libwebp7 amd64 1.5.0-0.1 [318 kB]
#7 3.756 Get:199 http://deb.debian.org/debian trixie/main amd64 libtiff6 amd64 4.7.0-3+deb13u2 [345 kB]
#7 3.757 Get:200 http://deb.debian.org/debian trixie/main amd64 libwebpmux3 amd64 1.5.0-0.1 [126 kB]
#7 3.758 Get:201 http://deb.debian.org/debian trixie/main amd64 libleptonica6 amd64 1.84.1-4 [1066 kB]
#7 3.761 Get:202 http://deb.debian.org/debian trixie/main amd64 libleptonica-dev amd64 1.84.1-4 [1486 kB]
#7 3.766 Get:203 http://deb.debian.org/debian trixie/main amd64 libnspr4 amd64 2:4.36-1 [110 kB]
#7 3.767 Get:204 http://deb.debian.org/debian-security trixie-security/main amd64 libnss3 amd64 2:3.110-1+deb13u2 [1395 kB]
#7 3.769 Get:205 http://deb.debian.org/debian trixie/main amd64 libthai-data all 0.1.29-2 [168 kB]
#7 3.770 Get:206 http://deb.debian.org/debian trixie/main amd64 libthai0 amd64 0.1.29-2+b1 [49.4 kB]
#7 3.771 Get:207 http://deb.debian.org/debian trixie/main amd64 libpango-1.0-0 amd64 1.56.3-1 [226 kB]
#7 3.772 Get:208 http://deb.debian.org/debian trixie/main amd64 libpangoft2-1.0-0 amd64 1.56.3-1 [55.6 kB]
#7 3.774 Get:209 http://deb.debian.org/debian trixie/main amd64 libpangocairo-1.0-0 amd64 1.56.3-1 [35.7 kB]
#7 3.774 Get:210 http://deb.debian.org/debian-security trixie-security/main amd64 libpoppler147 amd64 25.03.0-5+deb13u3 [2034 kB]
#7 3.776 Get:211 http://deb.debian.org/debian trixie/main amd64 libtesseract5 amd64 5.5.0-1+b1 [1417 kB]
#7 3.781 Get:212 http://deb.debian.org/debian trixie/main amd64 libtesseract-dev amd64 5.5.0-1+b1 [27.3 MB]
#7 3.867 Get:213 http://deb.debian.org/debian-security trixie-security/main amd64 poppler-utils amd64 25.03.0-5+deb13u3 [213 kB]
#7 3.867 Get:214 http://deb.debian.org/debian trixie/main amd64 tesseract-ocr-eng all 1:4.1.0-2 [1594 kB]
#7 3.871 Get:215 http://deb.debian.org/debian trixie/main amd64 tesseract-ocr-osd all 1:4.1.0-2 [2992 kB]
#7 3.882 Get:216 http://deb.debian.org/debian trixie/main amd64 tesseract-ocr amd64 5.5.0-1+b1 [439 kB]
#7 4.030 debconf: unable to initialize frontend: Dialog
#7 4.030 debconf: (TERM is not set, so the dialog frontend is not usable.)
#7 4.030 debconf: falling back to frontend: Readline
#7 4.030 debconf: unable to initialize frontend: Readline
#7 4.030 debconf: (Can't locate Term/ReadLine.pm in @INC (you may need to install the Term::ReadLine module) (@INC entries checked: /etc/perl /usr/local/lib/x86_64-linux-gnu/perl/5.40.1 /usr/local/share/perl/5.40.1 /usr/lib/x86_64-linux-gnu/perl5/5.40 /usr/share/perl5 /usr/lib/x86_64-linux-gnu/perl-base /usr/lib/x86_64-linux-gnu/perl/5.40 /usr/share/perl/5.40 /usr/local/lib/site_perl) at /usr/share/perl5/Debconf/FrontEnd/Readline.pm line 8, <STDIN> line 216.)
#7 4.030 debconf: falling back to frontend: Teletype
#7 4.039 debconf: unable to initialize frontend: Teletype
#7 4.039 debconf: (This frontend requires a controlling tty.)
#7 4.039 debconf: falling back to frontend: Noninteractive
#7 8.214 Preconfiguring packages ...
#7 8.268 Fetched 215 MB in 1s (278 MB/s)
#7 8.287 Selecting previously unselected package libexpat1:amd64.
#7 8.287 (Reading database ... (Reading database ... 5%(Reading database ... 10%(Reading database ... 15%(Reading database ... 20%(Reading database ... 25%(Reading database ... 30%(Reading database ... 35%(Reading database ... 40%(Reading database ... 45%(Reading database ... 50%(Reading database ... 55%(Reading database ... 60%(Reading database ... 65%(Reading database ... 70%(Reading database ... 75%(Reading database ... 80%(Reading database ... 85%(Reading database ... 90%(Reading database ... 95%(Reading database ... 100%(Reading database ... 5645 files and directories currently installed.)
#7 8.293 Preparing to unpack .../000-libexpat1_2.7.1-2_amd64.deb ...
#7 8.295 Unpacking libexpat1:amd64 (2.7.1-2) ...
#7 8.316 Selecting previously unselected package bzip2.
#7 8.317 Preparing to unpack .../001-bzip2_1.0.8-6_amd64.deb ...
#7 8.319 Unpacking bzip2 (1.0.8-6) ...
#7 8.337 Selecting previously unselected package perl-modules-5.40.
#7 8.338 Preparing to unpack .../002-perl-modules-5.40_5.40.1-6_all.deb ...
#7 8.339 Unpacking perl-modules-5.40 (5.40.1-6) ...
#7 8.587 Selecting previously unselected package libgdbm-compat4t64:amd64.
#7 8.588 Preparing to unpack .../003-libgdbm-compat4t64_1.24-2_amd64.deb ...
#7 8.589 Unpacking libgdbm-compat4t64:amd64 (1.24-2) ...
#7 8.608 Selecting previously unselected package libperl5.40:amd64.
#7 8.609 Preparing to unpack .../004-libperl5.40_5.40.1-6_amd64.deb ...
#7 8.611 Unpacking libperl5.40:amd64 (5.40.1-6) ...
#7 8.828 Selecting previously unselected package perl.
#7 8.829 Preparing to unpack .../005-perl_5.40.1-6_amd64.deb ...
#7 8.830 Unpacking perl (5.40.1-6) ...
#7 8.856 Selecting previously unselected package xz-utils.
#7 8.857 Preparing to unpack .../006-xz-utils_5.8.1-1_amd64.deb ...
#7 8.858 Unpacking xz-utils (5.8.1-1) ...
#7 8.893 Selecting previously unselected package libsframe1:amd64.
#7 8.895 Preparing to unpack .../007-libsframe1_2.44-3_amd64.deb ...
#7 8.896 Unpacking libsframe1:amd64 (2.44-3) ...
#7 8.914 Selecting previously unselected package binutils-common:amd64.
#7 8.915 Preparing to unpack .../008-binutils-common_2.44-3_amd64.deb ...
#7 8.916 Unpacking binutils-common:amd64 (2.44-3) ...
#7 9.030 Selecting previously unselected package libbinutils:amd64.
#7 9.032 Preparing to unpack .../009-libbinutils_2.44-3_amd64.deb ...
#7 9.033 Unpacking libbinutils:amd64 (2.44-3) ...
#7 9.074 Selecting previously unselected package libgprofng0:amd64.
#7 9.075 Preparing to unpack .../010-libgprofng0_2.44-3_amd64.deb ...
#7 9.076 Unpacking libgprofng0:amd64 (2.44-3) ...
#7 9.129 Selecting previously unselected package libctf-nobfd0:amd64.
#7 9.131 Preparing to unpack .../011-libctf-nobfd0_2.44-3_amd64.deb ...
#7 9.132 Unpacking libctf-nobfd0:amd64 (2.44-3) ...
#7 9.155 Selecting previously unselected package libctf0:amd64.
#7 9.156 Preparing to unpack .../012-libctf0_2.44-3_amd64.deb ...
#7 9.157 Unpacking libctf0:amd64 (2.44-3) ...
#7 9.174 Selecting previously unselected package libjansson4:amd64.
#7 9.176 Preparing to unpack .../013-libjansson4_2.14-2+b3_amd64.deb ...
#7 9.176 Unpacking libjansson4:amd64 (2.14-2+b3) ...
#7 9.191 Selecting previously unselected package binutils-x86-64-linux-gnu.
#7 9.192 Preparing to unpack .../014-binutils-x86-64-linux-gnu_2.44-3_amd64.deb ...
#7 9.193 Unpacking binutils-x86-64-linux-gnu (2.44-3) ...
#7 9.272 Selecting previously unselected package binutils.
#7 9.274 Preparing to unpack .../015-binutils_2.44-3_amd64.deb ...
#7 9.276 Unpacking binutils (2.44-3) ...
#7 9.303 Selecting previously unselected package libc-dev-bin.
#7 9.304 Preparing to unpack .../016-libc-dev-bin_2.41-12+deb13u3_amd64.deb ...
#7 9.305 Unpacking libc-dev-bin (2.41-12+deb13u3) ...
#7 9.322 Selecting previously unselected package linux-libc-dev.
#7 9.323 Preparing to unpack .../017-linux-libc-dev_6.12.94-1_all.deb ...
#7 9.324 Unpacking linux-libc-dev (6.12.94-1) ...
#7 9.643 Selecting previously unselected package libcrypt-dev:amd64.
#7 9.645 Preparing to unpack .../018-libcrypt-dev_1%3a4.4.38-1_amd64.deb ...
#7 9.651 Unpacking libcrypt-dev:amd64 (1:4.4.38-1) ...
#7 9.672 Selecting previously unselected package rpcsvc-proto.
#7 9.673 Preparing to unpack .../019-rpcsvc-proto_1.4.3-1_amd64.deb ...
#7 9.674 Unpacking rpcsvc-proto (1.4.3-1) ...
#7 9.694 Selecting previously unselected package libc6-dev:amd64.
#7 9.696 Preparing to unpack .../020-libc6-dev_2.41-12+deb13u3_amd64.deb ...
#7 9.697 Unpacking libc6-dev:amd64 (2.41-12+deb13u3) ...
#7 9.818 Selecting previously unselected package libisl23:amd64.
#7 9.820 Preparing to unpack .../021-libisl23_0.27-1_amd64.deb ...
#7 9.821 Unpacking libisl23:amd64 (0.27-1) ...
#7 9.864 Selecting previously unselected package libmpfr6:amd64.
#7 9.866 Preparing to unpack .../022-libmpfr6_4.2.2-1_amd64.deb ...
#7 9.867 Unpacking libmpfr6:amd64 (4.2.2-1) ...
#7 9.898 Selecting previously unselected package libmpc3:amd64.
#7 9.900 Preparing to unpack .../023-libmpc3_1.3.1-1+b3_amd64.deb ...
#7 9.901 Unpacking libmpc3:amd64 (1.3.1-1+b3) ...
#7 9.921 Selecting previously unselected package cpp-14-x86-64-linux-gnu.
#7 9.922 Preparing to unpack .../024-cpp-14-x86-64-linux-gnu_14.2.0-19_amd64.deb ...
#7 9.923 Unpacking cpp-14-x86-64-linux-gnu (14.2.0-19) ...
#7 10.31 Selecting previously unselected package cpp-14.
#7 10.31 Preparing to unpack .../025-cpp-14_14.2.0-19_amd64.deb ...
#7 10.31 Unpacking cpp-14 (14.2.0-19) ...
#7 10.33 Selecting previously unselected package cpp-x86-64-linux-gnu.
#7 10.33 Preparing to unpack .../026-cpp-x86-64-linux-gnu_4%3a14.2.0-1_amd64.deb ...
#7 10.33 Unpacking cpp-x86-64-linux-gnu (4:14.2.0-1) ...
#7 10.35 Selecting previously unselected package cpp.
#7 10.35 Preparing to unpack .../027-cpp_4%3a14.2.0-1_amd64.deb ...
#7 10.35 Unpacking cpp (4:14.2.0-1) ...
#7 10.37 Selecting previously unselected package libcc1-0:amd64.
#7 10.37 Preparing to unpack .../028-libcc1-0_14.2.0-19_amd64.deb ...
#7 10.37 Unpacking libcc1-0:amd64 (14.2.0-19) ...
#7 10.39 Selecting previously unselected package libgomp1:amd64.
#7 10.39 Preparing to unpack .../029-libgomp1_14.2.0-19_amd64.deb ...
#7 10.39 Unpacking libgomp1:amd64 (14.2.0-19) ...
#7 10.41 Selecting previously unselected package libitm1:amd64.
#7 10.42 Preparing to unpack .../030-libitm1_14.2.0-19_amd64.deb ...
#7 10.42 Unpacking libitm1:amd64 (14.2.0-19) ...
#7 10.43 Selecting previously unselected package libatomic1:amd64.
#7 10.43 Preparing to unpack .../031-libatomic1_14.2.0-19_amd64.deb ...
#7 10.44 Unpacking libatomic1:amd64 (14.2.0-19) ...
#7 10.45 Selecting previously unselected package libasan8:amd64.
#7 10.45 Preparing to unpack .../032-libasan8_14.2.0-19_amd64.deb ...
#7 10.45 Unpacking libasan8:amd64 (14.2.0-19) ...
#7 10.58 Selecting previously unselected package liblsan0:amd64.
#7 10.59 Preparing to unpack .../033-liblsan0_14.2.0-19_amd64.deb ...
#7 10.59 Unpacking liblsan0:amd64 (14.2.0-19) ...
#7 10.65 Selecting previously unselected package libtsan2:amd64.
#7 10.65 Preparing to unpack .../034-libtsan2_14.2.0-19_amd64.deb ...
#7 10.65 Unpacking libtsan2:amd64 (14.2.0-19) ...
#7 10.77 Selecting previously unselected package libubsan1:amd64.
#7 10.78 Preparing to unpack .../035-libubsan1_14.2.0-19_amd64.deb ...
#7 10.78 Unpacking libubsan1:amd64 (14.2.0-19) ...
#7 10.84 Selecting previously unselected package libhwasan0:amd64.
#7 10.84 Preparing to unpack .../036-libhwasan0_14.2.0-19_amd64.deb ...
#7 10.84 Unpacking libhwasan0:amd64 (14.2.0-19) ...
#7 10.92 Selecting previously unselected package libquadmath0:amd64.
#7 10.92 Preparing to unpack .../037-libquadmath0_14.2.0-19_amd64.deb ...
#7 10.92 Unpacking libquadmath0:amd64 (14.2.0-19) ...
#7 10.94 Selecting previously unselected package libgcc-14-dev:amd64.
#7 10.94 Preparing to unpack .../038-libgcc-14-dev_14.2.0-19_amd64.deb ...
#7 10.94 Unpacking libgcc-14-dev:amd64 (14.2.0-19) ...
#7 11.05 Selecting previously unselected package gcc-14-x86-64-linux-gnu.
#7 11.06 Preparing to unpack .../039-gcc-14-x86-64-linux-gnu_14.2.0-19_amd64.deb ...
#7 11.06 Unpacking gcc-14-x86-64-linux-gnu (14.2.0-19) ...
#7 11.55 Selecting previously unselected package gcc-14.
#7 11.56 Preparing to unpack .../040-gcc-14_14.2.0-19_amd64.deb ...
#7 11.56 Unpacking gcc-14 (14.2.0-19) ...
#7 11.58 Selecting previously unselected package gcc-x86-64-linux-gnu.
#7 11.58 Preparing to unpack .../041-gcc-x86-64-linux-gnu_4%3a14.2.0-1_amd64.deb ...
#7 11.58 Unpacking gcc-x86-64-linux-gnu (4:14.2.0-1) ...
#7 11.60 Selecting previously unselected package gcc.
#7 11.60 Preparing to unpack .../042-gcc_4%3a14.2.0-1_amd64.deb ...
#7 11.62 Unpacking gcc (4:14.2.0-1) ...
#7 11.63 Selecting previously unselected package libstdc++-14-dev:amd64.
#7 11.63 Preparing to unpack .../043-libstdc++-14-dev_14.2.0-19_amd64.deb ...
#7 11.63 Unpacking libstdc++-14-dev:amd64 (14.2.0-19) ...
#7 11.81 Selecting previously unselected package g++-14-x86-64-linux-gnu.
#7 11.81 Preparing to unpack .../044-g++-14-x86-64-linux-gnu_14.2.0-19_amd64.deb ...
#7 11.82 Unpacking g++-14-x86-64-linux-gnu (14.2.0-19) ...
#7 12.20 Selecting previously unselected package g++-14.
#7 12.20 Preparing to unpack .../045-g++-14_14.2.0-19_amd64.deb ...
#7 12.20 Unpacking g++-14 (14.2.0-19) ...
#7 12.22 Selecting previously unselected package g++-x86-64-linux-gnu.
#7 12.22 Preparing to unpack .../046-g++-x86-64-linux-gnu_4%3a14.2.0-1_amd64.deb ...
#7 12.22 Unpacking g++-x86-64-linux-gnu (4:14.2.0-1) ...
#7 12.24 Selecting previously unselected package g++.
#7 12.24 Preparing to unpack .../047-g++_4%3a14.2.0-1_amd64.deb ...
#7 12.24 Unpacking g++ (4:14.2.0-1) ...
#7 12.26 Selecting previously unselected package make.
#7 12.26 Preparing to unpack .../048-make_4.4.1-2_amd64.deb ...
#7 12.26 Unpacking make (4.4.1-2) ...
#7 12.29 Selecting previously unselected package libdpkg-perl.
#7 12.29 Preparing to unpack .../049-libdpkg-perl_1.22.22_all.deb ...
#7 12.29 Unpacking libdpkg-perl (1.22.22) ...
#7 12.34 Selecting previously unselected package patch.
#7 12.34 Preparing to unpack .../050-patch_2.8-2_amd64.deb ...
#7 12.34 Unpacking patch (2.8-2) ...
#7 12.36 Selecting previously unselected package dpkg-dev.
#7 12.36 Preparing to unpack .../051-dpkg-dev_1.22.22_all.deb ...
#7 12.36 Unpacking dpkg-dev (1.22.22) ...
#7 12.41 Selecting previously unselected package build-essential.
#7 12.41 Preparing to unpack .../052-build-essential_12.12_amd64.deb ...
#7 12.41 Unpacking build-essential (12.12) ...
#7 12.43 Selecting previously unselected package libcom-err2:amd64.
#7 12.43 Preparing to unpack .../053-libcom-err2_1.47.2-3+b11_amd64.deb ...
#7 12.43 Unpacking libcom-err2:amd64 (1.47.2-3+b11) ...
#7 12.45 Selecting previously unselected package comerr-dev:amd64.
#7 12.45 Preparing to unpack .../054-comerr-dev_2.1-1.47.2-3+b11_amd64.deb ...
#7 12.45 Unpacking comerr-dev:amd64 (2.1-1.47.2-3+b11) ...
#7 12.47 Selecting previously unselected package libgpg-error0:amd64.
#7 12.48 Preparing to unpack .../055-libgpg-error0_1.51-4_amd64.deb ...
#7 12.48 Unpacking libgpg-error0:amd64 (1.51-4) ...
#7 12.50 Selecting previously unselected package libassuan9:amd64.
#7 12.50 Preparing to unpack .../056-libassuan9_3.0.2-2_amd64.deb ...
#7 12.50 Unpacking libassuan9:amd64 (3.0.2-2) ...
#7 12.52 Selecting previously unselected package libgcrypt20:amd64.
#7 12.53 Preparing to unpack .../057-libgcrypt20_1.11.0-7+deb13u1_amd64.deb ...
#7 12.53 Unpacking libgcrypt20:amd64 (1.11.0-7+deb13u1) ...
#7 12.57 Selecting previously unselected package gpgconf.
#7 12.57 Preparing to unpack .../058-gpgconf_2.4.7-21+deb13u1+b3_amd64.deb ...
#7 12.57 Unpacking gpgconf (2.4.7-21+deb13u1+b3) ...
#7 12.59 Selecting previously unselected package libunistring5:amd64.
#7 12.59 Preparing to unpack .../059-libunistring5_1.3-2_amd64.deb ...
#7 12.59 Unpacking libunistring5:amd64 (1.3-2) ...
#7 12.63 Selecting previously unselected package libidn2-0:amd64.
#7 12.64 Preparing to unpack .../060-libidn2-0_2.3.8-2_amd64.deb ...
#7 12.64 Unpacking libidn2-0:amd64 (2.3.8-2) ...
#7 12.66 Selecting previously unselected package libp11-kit0:amd64.
#7 12.66 Preparing to unpack .../061-libp11-kit0_0.25.5-3_amd64.deb ...
#7 12.66 Unpacking libp11-kit0:amd64 (0.25.5-3) ...
#7 12.70 Selecting previously unselected package libtasn1-6:amd64.
#7 12.70 Preparing to unpack .../062-libtasn1-6_4.20.0-2_amd64.deb ...
#7 12.70 Unpacking libtasn1-6:amd64 (4.20.0-2) ...
#7 12.72 Selecting previously unselected package libgnutls30t64:amd64.
#7 12.72 Preparing to unpack .../063-libgnutls30t64_3.8.9-3+deb13u4_amd64.deb ...
#7 12.73 Unpacking libgnutls30t64:amd64 (3.8.9-3+deb13u4) ...
#7 12.78 Selecting previously unselected package libksba8:amd64.
#7 12.79 Preparing to unpack .../064-libksba8_1.6.7-2+b1_amd64.deb ...
#7 12.79 Unpacking libksba8:amd64 (1.6.7-2+b1) ...
#7 12.81 Selecting previously unselected package libsasl2-modules-db:amd64.
#7 12.81 Preparing to unpack .../065-libsasl2-modules-db_2.1.28+dfsg1-9_amd64.deb ...
#7 12.81 Unpacking libsasl2-modules-db:amd64 (2.1.28+dfsg1-9) ...
#7 12.83 Selecting previously unselected package libsasl2-2:amd64.
#7 12.83 Preparing to unpack .../066-libsasl2-2_2.1.28+dfsg1-9_amd64.deb ...
#7 12.83 Unpacking libsasl2-2:amd64 (2.1.28+dfsg1-9) ...
#7 12.85 Selecting previously unselected package libldap2:amd64.
#7 12.86 Preparing to unpack .../067-libldap2_2.6.10+dfsg-1_amd64.deb ...
#7 12.86 Unpacking libldap2:amd64 (2.6.10+dfsg-1) ...
#7 12.88 Selecting previously unselected package libnpth0t64:amd64.
#7 12.88 Preparing to unpack .../068-libnpth0t64_1.8-3_amd64.deb ...
#7 12.88 Unpacking libnpth0t64:amd64 (1.8-3) ...
#7 12.90 Selecting previously unselected package dirmngr.
#7 12.90 Preparing to unpack .../069-dirmngr_2.4.7-21+deb13u1+b3_amd64.deb ...
#7 12.92 Unpacking dirmngr (2.4.7-21+deb13u1+b3) ...
#7 12.95 Selecting previously unselected package libbrotli1:amd64.
#7 12.95 Preparing to unpack .../070-libbrotli1_1.1.0-2+b7_amd64.deb ...
#7 12.95 Unpacking libbrotli1:amd64 (1.1.0-2+b7) ...
#7 12.98 Selecting previously unselected package libpng16-16t64:amd64.
#7 12.98 Preparing to unpack .../071-libpng16-16t64_1.6.48-1+deb13u5_amd64.deb ...
#7 12.98 Unpacking libpng16-16t64:amd64 (1.6.48-1+deb13u5) ...
#7 13.01 Selecting previously unselected package libfreetype6:amd64.
#7 13.01 Preparing to unpack .../072-libfreetype6_2.13.3+dfsg-1+deb13u1_amd64.deb ...
#7 13.01 Unpacking libfreetype6:amd64 (2.13.3+dfsg-1+deb13u1) ...
#7 13.04 Selecting previously unselected package fonts-dejavu-mono.
#7 13.04 Preparing to unpack .../073-fonts-dejavu-mono_2.37-8_all.deb ...
#7 13.05 Unpacking fonts-dejavu-mono (2.37-8) ...
#7 13.08 Selecting previously unselected package fonts-dejavu-core.
#7 13.08 Preparing to unpack .../074-fonts-dejavu-core_2.37-8_all.deb ...
#7 13.10 Unpacking fonts-dejavu-core (2.37-8) ...
#7 13.15 Selecting previously unselected package fontconfig-config.
#7 13.15 Preparing to unpack .../075-fontconfig-config_2.15.0-2.3_amd64.deb ...
#7 13.16 Unpacking fontconfig-config (2.15.0-2.3) ...
#7 13.18 Selecting previously unselected package libfontconfig1:amd64.
#7 13.18 Preparing to unpack .../076-libfontconfig1_2.15.0-2.3_amd64.deb ...
#7 13.18 Unpacking libfontconfig1:amd64 (2.15.0-2.3) ...
#7 13.21 Selecting previously unselected package fontconfig.
#7 13.21 Preparing to unpack .../077-fontconfig_2.15.0-2.3_amd64.deb ...
#7 13.21 Unpacking fontconfig (2.15.0-2.3) ...
#7 13.24 Selecting previously unselected package gnupg-l10n.
#7 13.24 Preparing to unpack .../078-gnupg-l10n_2.4.7-21+deb13u1_all.deb ...
#7 13.24 Unpacking gnupg-l10n (2.4.7-21+deb13u1) ...
#7 13.29 Selecting previously unselected package gpg.
#7 13.29 Preparing to unpack .../079-gpg_2.4.7-21+deb13u1+b3_amd64.deb ...
#7 13.29 Unpacking gpg (2.4.7-21+deb13u1+b3) ...
#7 13.34 Selecting previously unselected package pinentry-curses.
#7 13.34 Preparing to unpack .../080-pinentry-curses_1.3.1-2_amd64.deb ...
#7 13.34 Unpacking pinentry-curses (1.3.1-2) ...
#7 13.36 Selecting previously unselected package gpg-agent.
#7 13.36 Preparing to unpack .../081-gpg-agent_2.4.7-21+deb13u1+b3_amd64.deb ...
#7 13.36 Unpacking gpg-agent (2.4.7-21+deb13u1+b3) ...
#7 13.39 Selecting previously unselected package gpgsm.
#7 13.39 Preparing to unpack .../082-gpgsm_2.4.7-21+deb13u1+b3_amd64.deb ...
#7 13.39 Unpacking gpgsm (2.4.7-21+deb13u1+b3) ...
#7 13.42 Selecting previously unselected package gnupg.
#7 13.42 Preparing to unpack .../083-gnupg_2.4.7-21+deb13u1_all.deb ...
#7 13.43 Unpacking gnupg (2.4.7-21+deb13u1) ...
#7 13.46 Selecting previously unselected package libkrb5support0:amd64.
#7 13.46 Preparing to unpack .../084-libkrb5support0_1.21.3-5+deb13u1_amd64.deb ...
#7 13.46 Unpacking libkrb5support0:amd64 (1.21.3-5+deb13u1) ...
#7 13.48 Selecting previously unselected package libk5crypto3:amd64.
#7 13.48 Preparing to unpack .../085-libk5crypto3_1.21.3-5+deb13u1_amd64.deb ...
#7 13.48 Unpacking libk5crypto3:amd64 (1.21.3-5+deb13u1) ...
#7 13.51 Selecting previously unselected package libkeyutils1:amd64.
#7 13.51 Preparing to unpack .../086-libkeyutils1_1.6.3-6_amd64.deb ...
#7 13.51 Unpacking libkeyutils1:amd64 (1.6.3-6) ...
#7 13.53 Selecting previously unselected package libkrb5-3:amd64.
#7 13.53 Preparing to unpack .../087-libkrb5-3_1.21.3-5+deb13u1_amd64.deb ...
#7 13.53 Unpacking libkrb5-3:amd64 (1.21.3-5+deb13u1) ...
#7 13.57 Selecting previously unselected package libgssapi-krb5-2:amd64.
#7 13.57 Preparing to unpack .../088-libgssapi-krb5-2_1.21.3-5+deb13u1_amd64.deb ...
#7 13.57 Unpacking libgssapi-krb5-2:amd64 (1.21.3-5+deb13u1) ...
#7 13.60 Selecting previously unselected package libgssrpc4t64:amd64.
#7 13.60 Preparing to unpack .../089-libgssrpc4t64_1.21.3-5+deb13u1_amd64.deb ...
#7 13.60 Unpacking libgssrpc4t64:amd64 (1.21.3-5+deb13u1) ...
#7 13.63 Selecting previously unselected package libkadm5clnt-mit12:amd64.
#7 13.63 Preparing to unpack .../090-libkadm5clnt-mit12_1.21.3-5+deb13u1_amd64.deb ...
#7 13.63 Unpacking libkadm5clnt-mit12:amd64 (1.21.3-5+deb13u1) ...
#7 13.65 Selecting previously unselected package libkdb5-10t64:amd64.
#7 13.65 Preparing to unpack .../091-libkdb5-10t64_1.21.3-5+deb13u1_amd64.deb ...
#7 13.65 Unpacking libkdb5-10t64:amd64 (1.21.3-5+deb13u1) ...
#7 13.67 Selecting previously unselected package libkadm5srv-mit12:amd64.
#7 13.67 Preparing to unpack .../092-libkadm5srv-mit12_1.21.3-5+deb13u1_amd64.deb ...
#7 13.67 Unpacking libkadm5srv-mit12:amd64 (1.21.3-5+deb13u1) ...
#7 13.69 Selecting previously unselected package krb5-multidev:amd64.
#7 13.69 Preparing to unpack .../093-krb5-multidev_1.21.3-5+deb13u1_amd64.deb ...
#7 13.69 Unpacking krb5-multidev:amd64 (1.21.3-5+deb13u1) ...
#7 13.72 Selecting previously unselected package libattr1-dev:amd64.
#7 13.73 Preparing to unpack .../094-libattr1-dev_1%3a2.5.2-3_amd64.deb ...
#7 13.73 Unpacking libattr1-dev:amd64 (1:2.5.2-3) ...
#7 13.74 Selecting previously unselected package libacl1-dev:amd64.
#7 13.75 Preparing to unpack .../095-libacl1-dev_2.3.2-2+b1_amd64.deb ...
#7 13.75 Unpacking libacl1-dev:amd64 (2.3.2-2+b1) ...
#7 13.77 Selecting previously unselected package libxml2:amd64.
#7 13.77 Preparing to unpack .../096-libxml2_2.12.7+dfsg+really2.9.14-2.1+deb13u2_amd64.deb ...
#7 13.77 Unpacking libxml2:amd64 (2.12.7+dfsg+really2.9.14-2.1+deb13u2) ...
#7 13.81 Selecting previously unselected package libarchive13t64:amd64.
#7 13.81 Preparing to unpack .../097-libarchive13t64_3.7.4-4+deb13u1_amd64.deb ...
#7 13.82 Unpacking libarchive13t64:amd64 (3.7.4-4+deb13u1) ...
#7 13.84 Selecting previously unselected package libbz2-dev:amd64.
#7 13.84 Preparing to unpack .../098-libbz2-dev_1.0.8-6_amd64.deb ...
#7 13.85 Unpacking libbz2-dev:amd64 (1.0.8-6) ...
#7 13.87 Selecting previously unselected package libext2fs2t64:amd64.
#7 13.87 Preparing to unpack .../099-libext2fs2t64_1.47.2-3+b11_amd64.deb ...
#7 13.87 Adding 'diversion of /lib/x86_64-linux-gnu/libe2p.so.2 to /lib/x86_64-linux-gnu/libe2p.so.2.usr-is-merged by libext2fs2t64'
#7 13.88 Adding 'diversion of /lib/x86_64-linux-gnu/libe2p.so.2.3 to /lib/x86_64-linux-gnu/libe2p.so.2.3.usr-is-merged by libext2fs2t64'
#7 13.88 Adding 'diversion of /lib/x86_64-linux-gnu/libext2fs.so.2 to /lib/x86_64-linux-gnu/libext2fs.so.2.usr-is-merged by libext2fs2t64'
#7 13.89 Adding 'diversion of /lib/x86_64-linux-gnu/libext2fs.so.2.4 to /lib/x86_64-linux-gnu/libext2fs.so.2.4.usr-is-merged by libext2fs2t64'
#7 13.89 Unpacking libext2fs2t64:amd64 (1.47.2-3+b11) ...
#7 13.92 Selecting previously unselected package libext2fs-dev.
#7 13.92 Preparing to unpack .../100-libext2fs-dev_1.47.2-3+b11_amd64.deb ...
#7 13.92 Unpacking libext2fs-dev (1.47.2-3+b11) ...
#7 13.95 Selecting previously unselected package libxxhash-dev:amd64.
#7 13.95 Preparing to unpack .../101-libxxhash-dev_0.8.3-2_amd64.deb ...
#7 13.95 Unpacking libxxhash-dev:amd64 (0.8.3-2) ...
#7 13.97 Selecting previously unselected package liblz4-dev:amd64.
#7 13.97 Preparing to unpack .../102-liblz4-dev_1.10.0-4_amd64.deb ...
#7 13.97 Unpacking liblz4-dev:amd64 (1.10.0-4) ...
#7 13.99 Selecting previously unselected package liblzma-dev:amd64.
#7 13.99 Preparing to unpack .../103-liblzma-dev_5.8.1-1_amd64.deb ...
#7 13.99 Unpacking liblzma-dev:amd64 (5.8.1-1) ...
#7 14.02 Selecting previously unselected package libxml2-dev:amd64.
#7 14.02 Preparing to unpack .../104-libxml2-dev_2.12.7+dfsg+really2.9.14-2.1+deb13u2_amd64.deb ...
#7 14.02 Unpacking libxml2-dev:amd64 (2.12.7+dfsg+really2.9.14-2.1+deb13u2) ...
#7 14.07 Selecting previously unselected package libzstd-dev:amd64.
#7 14.08 Preparing to unpack .../105-libzstd-dev_1.5.7+dfsg-1_amd64.deb ...
#7 14.08 Unpacking libzstd-dev:amd64 (1.5.7+dfsg-1) ...
#7 14.11 Selecting previously unselected package libgmpxx4ldbl:amd64.
#7 14.11 Preparing to unpack .../106-libgmpxx4ldbl_2%3a6.3.0+dfsg-3_amd64.deb ...
#7 14.11 Unpacking libgmpxx4ldbl:amd64 (2:6.3.0+dfsg-3) ...
#7 14.13 Selecting previously unselected package libgmp-dev:amd64.
#7 14.13 Preparing to unpack .../107-libgmp-dev_2%3a6.3.0+dfsg-3_amd64.deb ...
#7 14.13 Unpacking libgmp-dev:amd64 (2:6.3.0+dfsg-3) ...
#7 14.16 Selecting previously unselected package nettle-dev:amd64.
#7 14.17 Preparing to unpack .../108-nettle-dev_3.10.1-1_amd64.deb ...
#7 14.17 Unpacking nettle-dev:amd64 (3.10.1-1) ...
#7 14.21 Selecting previously unselected package zlib1g-dev:amd64.
#7 14.21 Preparing to unpack .../109-zlib1g-dev_1%3a1.3.dfsg+really1.3.1-1+b1_amd64.deb ...
#7 14.21 Unpacking zlib1g-dev:amd64 (1:1.3.dfsg+really1.3.1-1+b1) ...
#7 14.24 Selecting previously unselected package libarchive-dev:amd64.
#7 14.24 Preparing to unpack .../110-libarchive-dev_3.7.4-4+deb13u1_amd64.deb ...
#7 14.24 Unpacking libarchive-dev:amd64 (3.7.4-4+deb13u1) ...
#7 14.28 Selecting previously unselected package libbrotli-dev:amd64.
#7 14.28 Preparing to unpack .../111-libbrotli-dev_1.1.0-2+b7_amd64.deb ...
#7 14.29 Unpacking libbrotli-dev:amd64 (1.1.0-2+b7) ...
#7 14.32 Selecting previously unselected package libpixman-1-0:amd64.
#7 14.32 Preparing to unpack .../112-libpixman-1-0_0.44.0-3_amd64.deb ...
#7 14.32 Unpacking libpixman-1-0:amd64 (0.44.0-3) ...
#7 14.35 Selecting previously unselected package libxau6:amd64.
#7 14.35 Preparing to unpack .../113-libxau6_1%3a1.0.11-1_amd64.deb ...
#7 14.35 Unpacking libxau6:amd64 (1:1.0.11-1) ...
#7 14.37 Selecting previously unselected package libxdmcp6:amd64.
#7 14.37 Preparing to unpack .../114-libxdmcp6_1%3a1.1.5-1_amd64.deb ...
#7 14.37 Unpacking libxdmcp6:amd64 (1:1.1.5-1) ...
#7 14.39 Selecting previously unselected package libxcb1:amd64.
#7 14.39 Preparing to unpack .../115-libxcb1_1.17.0-2+b1_amd64.deb ...
#7 14.39 Unpacking libxcb1:amd64 (1.17.0-2+b1) ...
#7 14.41 Selecting previously unselected package libx11-data.
#7 14.42 Preparing to unpack .../116-libx11-data_2%3a1.8.12-1_all.deb ...
#7 14.42 Unpacking libx11-data (2:1.8.12-1) ...
#7 14.47 Selecting previously unselected package libx11-6:amd64.
#7 14.47 Preparing to unpack .../117-libx11-6_2%3a1.8.12-1_amd64.deb ...
#7 14.47 Unpacking libx11-6:amd64 (2:1.8.12-1) ...
#7 14.51 Selecting previously unselected package libxcb-render0:amd64.
#7 14.51 Preparing to unpack .../118-libxcb-render0_1.17.0-2+b1_amd64.deb ...
#7 14.51 Unpacking libxcb-render0:amd64 (1.17.0-2+b1) ...
#7 14.54 Selecting previously unselected package libxcb-shm0:amd64.
#7 14.54 Preparing to unpack .../119-libxcb-shm0_1.17.0-2+b1_amd64.deb ...
#7 14.54 Unpacking libxcb-shm0:amd64 (1.17.0-2+b1) ...
#7 14.56 Selecting previously unselected package libxext6:amd64.
#7 14.56 Preparing to unpack .../120-libxext6_2%3a1.3.4-1+b3_amd64.deb ...
#7 14.56 Unpacking libxext6:amd64 (2:1.3.4-1+b3) ...
#7 14.58 Selecting previously unselected package libxrender1:amd64.
#7 14.58 Preparing to unpack .../121-libxrender1_1%3a0.9.12-1_amd64.deb ...
#7 14.58 Unpacking libxrender1:amd64 (1:0.9.12-1) ...
#7 14.60 Selecting previously unselected package libcairo2:amd64.
#7 14.60 Preparing to unpack .../122-libcairo2_1.18.4-1+b1_amd64.deb ...
#7 14.61 Unpacking libcairo2:amd64 (1.18.4-1+b1) ...
#7 14.65 Selecting previously unselected package libnghttp2-14:amd64.
#7 14.65 Preparing to unpack .../123-libnghttp2-14_1.64.0-1.1+deb13u1_amd64.deb ...
#7 14.65 Unpacking libnghttp2-14:amd64 (1.64.0-1.1+deb13u1) ...
#7 14.67 Selecting previously unselected package libnghttp3-9:amd64.
#7 14.67 Preparing to unpack .../124-libnghttp3-9_1.8.0-1_amd64.deb ...
#7 14.67 Unpacking libnghttp3-9:amd64 (1.8.0-1) ...
#7 14.69 Selecting previously unselected package libngtcp2-16:amd64.
#7 14.69 Preparing to unpack .../125-libngtcp2-16_1.11.0-1+deb13u1_amd64.deb ...
#7 14.69 Unpacking libngtcp2-16:amd64 (1.11.0-1+deb13u1) ...
#7 14.72 Selecting previously unselected package libngtcp2-crypto-gnutls8:amd64.
#7 14.72 Preparing to unpack .../126-libngtcp2-crypto-gnutls8_1.11.0-1+deb13u1_amd64.deb ...
#7 14.72 Unpacking libngtcp2-crypto-gnutls8:amd64 (1.11.0-1+deb13u1) ...
#7 14.74 Selecting previously unselected package libpsl5t64:amd64.
#7 14.74 Preparing to unpack .../127-libpsl5t64_0.21.2-1.1+b1_amd64.deb ...
#7 14.74 Unpacking libpsl5t64:amd64 (0.21.2-1.1+b1) ...
#7 14.76 Selecting previously unselected package librtmp1:amd64.
#7 14.76 Preparing to unpack .../128-librtmp1_2.4+20151223.gitfa8646d.1-2+b5_amd64.deb ...
#7 14.76 Unpacking librtmp1:amd64 (2.4+20151223.gitfa8646d.1-2+b5) ...
#7 14.78 Selecting previously unselected package libssh2-1t64:amd64.
#7 14.78 Preparing to unpack .../129-libssh2-1t64_1.11.1-1_amd64.deb ...
#7 14.78 Unpacking libssh2-1t64:amd64 (1.11.1-1) ...
#7 14.81 Selecting previously unselected package libcurl3t64-gnutls:amd64.
#7 14.81 Preparing to unpack .../130-libcurl3t64-gnutls_8.14.1-2+deb13u3_amd64.deb ...
#7 14.81 Unpacking libcurl3t64-gnutls:amd64 (8.14.1-2+deb13u3) ...
#7 14.85 Selecting previously unselected package libcurl4t64:amd64.
#7 14.85 Preparing to unpack .../131-libcurl4t64_8.14.1-2+deb13u3_amd64.deb ...
#7 14.85 Unpacking libcurl4t64:amd64 (8.14.1-2+deb13u3) ...
#7 14.89 Selecting previously unselected package libidn2-dev:amd64.
#7 14.89 Preparing to unpack .../132-libidn2-dev_2.3.8-2_amd64.deb ...
#7 14.89 Unpacking libidn2-dev:amd64 (2.3.8-2) ...
#7 14.91 Selecting previously unselected package libkrb5-dev:amd64.
#7 14.91 Preparing to unpack .../133-libkrb5-dev_1.21.3-5+deb13u1_amd64.deb ...
#7 14.91 Unpacking libkrb5-dev:amd64 (1.21.3-5+deb13u1) ...
#7 14.93 Selecting previously unselected package libldap-dev:amd64.
#7 14.94 Preparing to unpack .../134-libldap-dev_2.6.10+dfsg-1_amd64.deb ...
#7 14.94 Unpacking libldap-dev:amd64 (2.6.10+dfsg-1) ...
#7 14.97 Selecting previously unselected package libpkgconf3:amd64.
#7 14.97 Preparing to unpack .../135-libpkgconf3_1.8.1-4_amd64.deb ...
#7 14.98 Unpacking libpkgconf3:amd64 (1.8.1-4) ...
#7 14.99 Selecting previously unselected package pkgconf-bin.
#7 14.99 Preparing to unpack .../136-pkgconf-bin_1.8.1-4_amd64.deb ...
#7 15.00 Unpacking pkgconf-bin (1.8.1-4) ...
#7 15.02 Selecting previously unselected package pkgconf:amd64.
#7 15.02 Preparing to unpack .../137-pkgconf_1.8.1-4_amd64.deb ...
#7 15.02 Unpacking pkgconf:amd64 (1.8.1-4) ...
#7 15.04 Selecting previously unselected package libnghttp2-dev:amd64.
#7 15.05 Preparing to unpack .../138-libnghttp2-dev_1.64.0-1.1+deb13u1_amd64.deb ...
#7 15.05 Unpacking libnghttp2-dev:amd64 (1.64.0-1.1+deb13u1) ...
#7 15.07 Selecting previously unselected package libnghttp3-dev:amd64.
#7 15.07 Preparing to unpack .../139-libnghttp3-dev_1.8.0-1_amd64.deb ...
#7 15.07 Unpacking libnghttp3-dev:amd64 (1.8.0-1) ...
#7 15.09 Selecting previously unselected package libpsl-dev:amd64.
#7 15.09 Preparing to unpack .../140-libpsl-dev_0.21.2-1.1+b1_amd64.deb ...
#7 15.10 Unpacking libpsl-dev:amd64 (0.21.2-1.1+b1) ...
#7 15.12 Selecting previously unselected package libevent-2.1-7t64:amd64.
#7 15.12 Preparing to unpack .../141-libevent-2.1-7t64_2.1.12-stable-10+b1_amd64.deb ...
#7 15.12 Unpacking libevent-2.1-7t64:amd64 (2.1.12-stable-10+b1) ...
#7 15.15 Selecting previously unselected package libunbound8:amd64.
#7 15.15 Preparing to unpack .../142-libunbound8_1.22.0-2+deb13u3_amd64.deb ...
#7 15.15 Unpacking libunbound8:amd64 (1.22.0-2+deb13u3) ...
#7 15.18 Selecting previously unselected package libgnutls-dane0t64:amd64.
#7 15.19 Preparing to unpack .../143-libgnutls-dane0t64_3.8.9-3+deb13u4_amd64.deb ...
#7 15.19 Unpacking libgnutls-dane0t64:amd64 (3.8.9-3+deb13u4) ...
#7 15.22 Selecting previously unselected package libgnutls-openssl27t64:amd64.
#7 15.22 Preparing to unpack .../144-libgnutls-openssl27t64_3.8.9-3+deb13u4_amd64.deb ...
#7 15.22 Unpacking libgnutls-openssl27t64:amd64 (3.8.9-3+deb13u4) ...
#7 15.24 Selecting previously unselected package libp11-kit-dev:amd64.
#7 15.24 Preparing to unpack .../145-libp11-kit-dev_0.25.5-3_amd64.deb ...
#7 15.24 Unpacking libp11-kit-dev:amd64 (0.25.5-3) ...
#7 15.26 Selecting previously unselected package libtasn1-6-dev:amd64.
#7 15.26 Preparing to unpack .../146-libtasn1-6-dev_4.20.0-2_amd64.deb ...
#7 15.26 Unpacking libtasn1-6-dev:amd64 (4.20.0-2) ...
#7 15.28 Selecting previously unselected package libgnutls28-dev:amd64.
#7 15.28 Preparing to unpack .../147-libgnutls28-dev_3.8.9-3+deb13u4_amd64.deb ...
#7 15.28 Unpacking libgnutls28-dev:amd64 (3.8.9-3+deb13u4) ...
#7 15.35 Selecting previously unselected package librtmp-dev:amd64.
#7 15.35 Preparing to unpack .../148-librtmp-dev_2.4+20151223.gitfa8646d.1-2+b5_amd64.deb ...
#7 15.35 Unpacking librtmp-dev:amd64 (2.4+20151223.gitfa8646d.1-2+b5) ...
#7 15.37 Selecting previously unselected package libssl-dev:amd64.
#7 15.37 Preparing to unpack .../149-libssl-dev_3.5.6-1~deb13u2_amd64.deb ...
#7 15.37 Unpacking libssl-dev:amd64 (3.5.6-1~deb13u2) ...
#7 15.51 Selecting previously unselected package libssh2-1-dev:amd64.
#7 15.51 Preparing to unpack .../150-libssh2-1-dev_1.11.1-1_amd64.deb ...
#7 15.51 Unpacking libssh2-1-dev:amd64 (1.11.1-1) ...
#7 15.54 Selecting previously unselected package libcurl4-openssl-dev:amd64.
#7 15.54 Preparing to unpack .../151-libcurl4-openssl-dev_8.14.1-2+deb13u3_amd64.deb ...
#7 15.54 Unpacking libcurl4-openssl-dev:amd64 (8.14.1-2+deb13u3) ...
#7 15.58 Selecting previously unselected package libdatrie1:amd64.
#7 15.58 Preparing to unpack .../152-libdatrie1_0.2.13-3+b1_amd64.deb ...
#7 15.58 Unpacking libdatrie1:amd64 (0.2.13-3+b1) ...
#7 15.60 Selecting previously unselected package libdeflate0:amd64.
#7 15.60 Preparing to unpack .../153-libdeflate0_1.23-2_amd64.deb ...
#7 15.60 Unpacking libdeflate0:amd64 (1.23-2) ...
#7 15.62 Selecting previously unselected package libdrm-common.
#7 15.62 Preparing to unpack .../154-libdrm-common_2.4.124-2_all.deb ...
#7 15.62 Unpacking libdrm-common (2.4.124-2) ...
#7 15.64 Selecting previously unselected package libdrm2:amd64.
#7 15.64 Preparing to unpack .../155-libdrm2_2.4.124-2_amd64.deb ...
#7 15.64 Unpacking libdrm2:amd64 (2.4.124-2) ...
#7 15.66 Selecting previously unselected package libdrm-amdgpu1:amd64.
#7 15.66 Preparing to unpack .../156-libdrm-amdgpu1_2.4.124-2_amd64.deb ...
#7 15.67 Unpacking libdrm-amdgpu1:amd64 (2.4.124-2) ...
#7 15.68 Selecting previously unselected package libpciaccess0:amd64.
#7 15.68 Preparing to unpack .../157-libpciaccess0_0.17-3+b3_amd64.deb ...
#7 15.69 Unpacking libpciaccess0:amd64 (0.17-3+b3) ...
#7 15.71 Selecting previously unselected package libdrm-intel1:amd64.
#7 15.71 Preparing to unpack .../158-libdrm-intel1_2.4.124-2_amd64.deb ...
#7 15.71 Unpacking libdrm-intel1:amd64 (2.4.124-2) ...
#7 15.73 Selecting previously unselected package libedit2:amd64.
#7 15.74 Preparing to unpack .../159-libedit2_3.1-20250104-1_amd64.deb ...
#7 15.74 Unpacking libedit2:amd64 (3.1-20250104-1) ...
#7 15.76 Selecting previously unselected package libelf1t64:amd64.
#7 15.76 Preparing to unpack .../160-libelf1t64_0.192-4_amd64.deb ...
#7 15.76 Unpacking libelf1t64:amd64 (0.192-4) ...
#7 15.79 Selecting previously unselected package libfribidi0:amd64.
#7 15.79 Preparing to unpack .../161-libfribidi0_1.0.16-1_amd64.deb ...
#7 15.79 Unpacking libfribidi0:amd64 (1.0.16-1) ...
#7 15.81 Selecting previously unselected package libwayland-server0:amd64.
#7 15.81 Preparing to unpack .../162-libwayland-server0_1.23.1-3_amd64.deb ...
#7 15.81 Unpacking libwayland-server0:amd64 (1.23.1-3) ...
#7 15.83 Selecting previously unselected package libz3-4:amd64.
#7 15.84 Preparing to unpack .../163-libz3-4_4.13.3-1_amd64.deb ...
#7 15.84 Unpacking libz3-4:amd64 (4.13.3-1) ...
#7 16.17 Selecting previously unselected package libllvm19:amd64.
#7 16.17 Preparing to unpack .../164-libllvm19_1%3a19.1.7-3+b1_amd64.deb ...
#7 16.17 Unpacking libllvm19:amd64 (1:19.1.7-3+b1) ...
#7 16.77 Selecting previously unselected package libsensors-config.
#7 16.77 Preparing to unpack .../165-libsensors-config_1%3a3.6.2-2_all.deb ...
#7 16.77 Unpacking libsensors-config (1:3.6.2-2) ...
#7 16.79 Selecting previously unselected package libsensors5:amd64.
#7 16.79 Preparing to unpack .../166-libsensors5_1%3a3.6.2-2_amd64.deb ...
#7 16.79 Unpacking libsensors5:amd64 (1:3.6.2-2) ...
#7 16.82 Selecting previously unselected package libx11-xcb1:amd64.
#7 16.83 Preparing to unpack .../167-libx11-xcb1_2%3a1.8.12-1_amd64.deb ...
#7 16.83 Unpacking libx11-xcb1:amd64 (2:1.8.12-1) ...
#7 16.85 Selecting previously unselected package libxcb-dri3-0:amd64.
#7 16.85 Preparing to unpack .../168-libxcb-dri3-0_1.17.0-2+b1_amd64.deb ...
#7 16.85 Unpacking libxcb-dri3-0:amd64 (1.17.0-2+b1) ...
#7 16.87 Selecting previously unselected package libxcb-present0:amd64.
#7 16.87 Preparing to unpack .../169-libxcb-present0_1.17.0-2+b1_amd64.deb ...
#7 16.87 Unpacking libxcb-present0:amd64 (1.17.0-2+b1) ...
#7 16.89 Selecting previously unselected package libxcb-randr0:amd64.
#7 16.90 Preparing to unpack .../170-libxcb-randr0_1.17.0-2+b1_amd64.deb ...
#7 16.90 Unpacking libxcb-randr0:amd64 (1.17.0-2+b1) ...
#7 16.93 Selecting previously unselected package libxcb-sync1:amd64.
#7 16.93 Preparing to unpack .../171-libxcb-sync1_1.17.0-2+b1_amd64.deb ...
#7 16.93 Unpacking libxcb-sync1:amd64 (1.17.0-2+b1) ...
#7 16.95 Selecting previously unselected package libxcb-xfixes0:amd64.
#7 16.95 Preparing to unpack .../172-libxcb-xfixes0_1.17.0-2+b1_amd64.deb ...
#7 16.95 Unpacking libxcb-xfixes0:amd64 (1.17.0-2+b1) ...
#7 16.97 Selecting previously unselected package libxshmfence1:amd64.
#7 16.97 Preparing to unpack .../173-libxshmfence1_1.3.3-1_amd64.deb ...
#7 16.98 Unpacking libxshmfence1:amd64 (1.3.3-1) ...
#7 16.99 Selecting previously unselected package mesa-libgallium:amd64.
#7 16.99 Preparing to unpack .../174-mesa-libgallium_25.0.7-2_amd64.deb ...
#7 17.00 Unpacking mesa-libgallium:amd64 (25.0.7-2) ...
#7 17.36 Selecting previously unselected package libgbm1:amd64.
#7 17.36 Preparing to unpack .../175-libgbm1_25.0.7-2_amd64.deb ...
#7 17.36 Unpacking libgbm1:amd64 (25.0.7-2) ...
#7 17.38 Selecting previously unselected package libgif7:amd64.
#7 17.39 Preparing to unpack .../176-libgif7_5.2.2-1+b1_amd64.deb ...
#7 17.39 Unpacking libgif7:amd64 (5.2.2-1+b1) ...
#7 17.41 Selecting previously unselected package libglvnd0:amd64.
#7 17.41 Preparing to unpack .../177-libglvnd0_1.7.0-1+b2_amd64.deb ...
#7 17.41 Unpacking libglvnd0:amd64 (1.7.0-1+b2) ...
#7 17.43 Selecting previously unselected package libxcb-glx0:amd64.
#7 17.43 Preparing to unpack .../178-libxcb-glx0_1.17.0-2+b1_amd64.deb ...
#7 17.44 Unpacking libxcb-glx0:amd64 (1.17.0-2+b1) ...
#7 17.46 Selecting previously unselected package libxxf86vm1:amd64.
#7 17.46 Preparing to unpack .../179-libxxf86vm1_1%3a1.1.4-1+b4_amd64.deb ...
#7 17.46 Unpacking libxxf86vm1:amd64 (1:1.1.4-1+b4) ...
#7 17.48 Selecting previously unselected package libvulkan1:amd64.
#7 17.48 Preparing to unpack .../180-libvulkan1_1.4.309.0-1_amd64.deb ...
#7 17.48 Unpacking libvulkan1:amd64 (1.4.309.0-1) ...
#7 17.51 Selecting previously unselected package libgl1-mesa-dri:amd64.
#7 17.51 Preparing to unpack .../181-libgl1-mesa-dri_25.0.7-2_amd64.deb ...
#7 17.51 Unpacking libgl1-mesa-dri:amd64 (25.0.7-2) ...
#7 17.53 Selecting previously unselected package libglx-mesa0:amd64.
#7 17.54 Preparing to unpack .../182-libglx-mesa0_25.0.7-2_amd64.deb ...
#7 17.54 Unpacking libglx-mesa0:amd64 (25.0.7-2) ...
#7 17.56 Selecting previously unselected package libglx0:amd64.
#7 17.56 Preparing to unpack .../183-libglx0_1.7.0-1+b2_amd64.deb ...
#7 17.56 Unpacking libglx0:amd64 (1.7.0-1+b2) ...
#7 17.59 Selecting previously unselected package libgl1:amd64.
#7 17.59 Preparing to unpack .../184-libgl1_1.7.0-1+b2_amd64.deb ...
#7 17.59 Unpacking libgl1:amd64 (1.7.0-1+b2) ...
#7 17.61 Selecting previously unselected package libglib2.0-0t64:amd64.
#7 17.62 Preparing to unpack .../185-libglib2.0-0t64_2.84.4-3~deb13u3_amd64.deb ...
#7 17.63 Unpacking libglib2.0-0t64:amd64 (2.84.4-3~deb13u3) ...
#7 17.70 Selecting previously unselected package libgpgme11t64:amd64.
#7 17.70 Preparing to unpack .../186-libgpgme11t64_1.24.2-3_amd64.deb ...
#7 17.70 Unpacking libgpgme11t64:amd64 (1.24.2-3) ...
#7 17.73 Selecting previously unselected package libgpgmepp6t64:amd64.
#7 17.73 Preparing to unpack .../187-libgpgmepp6t64_1.24.2-3_amd64.deb ...
#7 17.73 Unpacking libgpgmepp6t64:amd64 (1.24.2-3) ...
#7 17.76 Selecting previously unselected package libgraphite2-3:amd64.
#7 17.76 Preparing to unpack .../188-libgraphite2-3_1.3.14-2+b1_amd64.deb ...
#7 17.76 Unpacking libgraphite2-3:amd64 (1.3.14-2+b1) ...
#7 17.78 Selecting previously unselected package libharfbuzz0b:amd64.
#7 17.78 Preparing to unpack .../189-libharfbuzz0b_10.2.0-1+deb13u1_amd64.deb ...
#7 17.78 Unpacking libharfbuzz0b:amd64 (10.2.0-1+deb13u1) ...
#7 17.82 Selecting previously unselected package libicu76:amd64.
#7 17.82 Preparing to unpack .../190-libicu76_76.1-4_amd64.deb ...
#7 17.83 Unpacking libicu76:amd64 (76.1-4) ...
#7 18.14 Selecting previously unselected package libjbig0:amd64.
#7 18.14 Preparing to unpack .../191-libjbig0_2.1-6.1+b2_amd64.deb ...
#7 18.14 Unpacking libjbig0:amd64 (2.1-6.1+b2) ...
#7 18.17 Selecting previously unselected package libjpeg62-turbo:amd64.
#7 18.17 Preparing to unpack .../192-libjpeg62-turbo_1%3a2.1.5-4_amd64.deb ...
#7 18.17 Unpacking libjpeg62-turbo:amd64 (1:2.1.5-4) ...
#7 18.19 Selecting previously unselected package liblcms2-2:amd64.
#7 18.20 Preparing to unpack .../193-liblcms2-2_2.16-2+deb13u2_amd64.deb ...
#7 18.20 Unpacking liblcms2-2:amd64 (2.16-2+deb13u2) ...
#7 18.22 Selecting previously unselected package libopenjp2-7:amd64.
#7 18.23 Preparing to unpack .../194-libopenjp2-7_2.5.3-2.1~deb13u2_amd64.deb ...
#7 18.23 Unpacking libopenjp2-7:amd64 (2.5.3-2.1~deb13u2) ...
#7 18.25 Selecting previously unselected package liblerc4:amd64.
#7 18.25 Preparing to unpack .../195-liblerc4_4.0.0+ds-5_amd64.deb ...
#7 18.25 Unpacking liblerc4:amd64 (4.0.0+ds-5) ...
#7 18.28 Selecting previously unselected package libsharpyuv0:amd64.
#7 18.28 Preparing to unpack .../196-libsharpyuv0_1.5.0-0.1_amd64.deb ...
#7 18.28 Unpacking libsharpyuv0:amd64 (1.5.0-0.1) ...
#7 18.30 Selecting previously unselected package libwebp7:amd64.
#7 18.30 Preparing to unpack .../197-libwebp7_1.5.0-0.1_amd64.deb ...
#7 18.31 Unpacking libwebp7:amd64 (1.5.0-0.1) ...
#7 18.33 Selecting previously unselected package libtiff6:amd64.
#7 18.34 Preparing to unpack .../198-libtiff6_4.7.0-3+deb13u2_amd64.deb ...
#7 18.34 Unpacking libtiff6:amd64 (4.7.0-3+deb13u2) ...
#7 18.36 Selecting previously unselected package libwebpmux3:amd64.
#7 18.36 Preparing to unpack .../199-libwebpmux3_1.5.0-0.1_amd64.deb ...
#7 18.36 Unpacking libwebpmux3:amd64 (1.5.0-0.1) ...
#7 18.39 Selecting previously unselected package libleptonica6:amd64.
#7 18.39 Preparing to unpack .../200-libleptonica6_1.84.1-4_amd64.deb ...
#7 18.39 Unpacking libleptonica6:amd64 (1.84.1-4) ...
#7 18.44 Selecting previously unselected package libleptonica-dev.
#7 18.45 Preparing to unpack .../201-libleptonica-dev_1.84.1-4_amd64.deb ...
#7 18.45 Unpacking libleptonica-dev (1.84.1-4) ...
#7 18.52 Selecting previously unselected package libnspr4:amd64.
#7 18.53 Preparing to unpack .../202-libnspr4_2%3a4.36-1_amd64.deb ...
#7 18.53 Unpacking libnspr4:amd64 (2:4.36-1) ...
#7 18.55 Selecting previously unselected package libnss3:amd64.
#7 18.55 Preparing to unpack .../203-libnss3_2%3a3.110-1+deb13u2_amd64.deb ...
#7 18.55 Unpacking libnss3:amd64 (2:3.110-1+deb13u2) ...
#7 18.63 Selecting previously unselected package libthai-data.
#7 18.63 Preparing to unpack .../204-libthai-data_0.1.29-2_all.deb ...
#7 18.63 Unpacking libthai-data (0.1.29-2) ...
#7 18.66 Selecting previously unselected package libthai0:amd64.
#7 18.66 Preparing to unpack .../205-libthai0_0.1.29-2+b1_amd64.deb ...
#7 18.66 Unpacking libthai0:amd64 (0.1.29-2+b1) ...
#7 18.68 Selecting previously unselected package libpango-1.0-0:amd64.
#7 18.68 Preparing to unpack .../206-libpango-1.0-0_1.56.3-1_amd64.deb ...
#7 18.68 Unpacking libpango-1.0-0:amd64 (1.56.3-1) ...
#7 18.71 Selecting previously unselected package libpangoft2-1.0-0:amd64.
#7 18.71 Preparing to unpack .../207-libpangoft2-1.0-0_1.56.3-1_amd64.deb ...
#7 18.71 Unpacking libpangoft2-1.0-0:amd64 (1.56.3-1) ...
#7 18.73 Selecting previously unselected package libpangocairo-1.0-0:amd64.
#7 18.74 Preparing to unpack .../208-libpangocairo-1.0-0_1.56.3-1_amd64.deb ...
#7 18.74 Unpacking libpangocairo-1.0-0:amd64 (1.56.3-1) ...
#7 18.75 Selecting previously unselected package libpoppler147:amd64.
#7 18.76 Preparing to unpack .../209-libpoppler147_25.03.0-5+deb13u3_amd64.deb ...
#7 18.76 Unpacking libpoppler147:amd64 (25.03.0-5+deb13u3) ...
#7 18.82 Selecting previously unselected package libtesseract5:amd64.
#7 18.82 Preparing to unpack .../210-libtesseract5_5.5.0-1+b1_amd64.deb ...
#7 18.83 Unpacking libtesseract5:amd64 (5.5.0-1+b1) ...
#7 18.90 Selecting previously unselected package libtesseract-dev:amd64.
#7 18.90 Preparing to unpack .../211-libtesseract-dev_5.5.0-1+b1_amd64.deb ...
#7 18.90 Unpacking libtesseract-dev:amd64 (5.5.0-1+b1) ...
#7 19.61 Selecting previously unselected package poppler-utils.
#7 19.61 Preparing to unpack .../212-poppler-utils_25.03.0-5+deb13u3_amd64.deb ...
#7 19.61 Unpacking poppler-utils (25.03.0-5+deb13u3) ...
#7 19.63 Selecting previously unselected package tesseract-ocr-eng.
#7 19.64 Preparing to unpack .../213-tesseract-ocr-eng_1%3a4.1.0-2_all.deb ...
#7 19.64 Unpacking tesseract-ocr-eng (1:4.1.0-2) ...
#7 19.71 Selecting previously unselected package tesseract-ocr-osd.
#7 19.72 Preparing to unpack .../214-tesseract-ocr-osd_1%3a4.1.0-2_all.deb ...
#7 19.72 Unpacking tesseract-ocr-osd (1:4.1.0-2) ...
#7 19.86 Selecting previously unselected package tesseract-ocr.
#7 19.87 Preparing to unpack .../215-tesseract-ocr_5.5.0-1+b1_amd64.deb ...
#7 19.88 Unpacking tesseract-ocr (5.5.0-1+b1) ...
#7 19.93 Setting up libexpat1:amd64 (2.7.1-2) ...
#7 19.93 Setting up libgraphite2-3:amd64 (1.3.14-2+b1) ...
#7 19.93 Setting up liblcms2-2:amd64 (2.16-2+deb13u2) ...
#7 19.94 Setting up libpixman-1-0:amd64 (0.44.0-3) ...
#7 19.94 Setting up libsharpyuv0:amd64 (1.5.0-0.1) ...
#7 19.94 Setting up libwayland-server0:amd64 (1.23.1-3) ...
#7 19.94 Setting up libpciaccess0:amd64 (0.17-3+b3) ...
#7 19.95 Setting up libxau6:amd64 (1:1.0.11-1) ...
#7 19.95 Setting up libxdmcp6:amd64 (1:1.1.5-1) ...
#7 19.95 Setting up libnpth0t64:amd64 (1.8-3) ...
#7 19.95 Setting up libkeyutils1:amd64 (1.6.3-6) ...
#7 19.96 Setting up libxcb1:amd64 (1.17.0-2+b1) ...
#7 19.96 Setting up libxcb-xfixes0:amd64 (1.17.0-2+b1) ...
#7 19.96 Setting up libzstd-dev:amd64 (1.5.7+dfsg-1) ...
#7 19.96 Setting up liblerc4:amd64 (4.0.0+ds-5) ...
#7 19.97 Setting up libgpg-error0:amd64 (1.51-4) ...
#7 19.97 Setting up libdatrie1:amd64 (0.2.13-3+b1) ...
#7 19.97 Setting up libgdbm-compat4t64:amd64 (1.24-2) ...
#7 19.98 Setting up libxcb-render0:amd64 (1.17.0-2+b1) ...
#7 19.98 Setting up libglvnd0:amd64 (1.7.0-1+b2) ...
#7 19.98 Setting up libxcb-glx0:amd64 (1.17.0-2+b1) ...
#7 19.99 Setting up libbrotli1:amd64 (1.1.0-2+b7) ...
#7 19.99 Setting up libedit2:amd64 (3.1-20250104-1) ...
#7 19.99 Setting up binutils-common:amd64 (2.44-3) ...
#7 19.99 Setting up libsensors-config (1:3.6.2-2) ...
#7 20.00 Setting up libnghttp2-14:amd64 (1.64.0-1.1+deb13u1) ...
#7 20.01 Setting up libdeflate0:amd64 (1.23-2) ...
#7 20.01 Setting up linux-libc-dev (6.12.94-1) ...
#7 20.02 Setting up libctf-nobfd0:amd64 (2.44-3) ...
#7 20.02 Setting up tesseract-ocr-eng (1:4.1.0-2) ...
#7 20.02 Setting up libevent-2.1-7t64:amd64 (2.1.12-stable-10+b1) ...
#7 20.02 Setting up libgcrypt20:amd64 (1.11.0-7+deb13u1) ...
#7 20.03 Setting up libxcb-shm0:amd64 (1.17.0-2+b1) ...
#7 20.03 Setting up libcom-err2:amd64 (1.47.2-3+b11) ...
#7 20.04 Setting up libgomp1:amd64 (14.2.0-19) ...
#7 20.04 Setting up bzip2 (1.0.8-6) ...
#7 20.05 Setting up libjbig0:amd64 (2.1-6.1+b2) ...
#7 20.05 Setting up libsframe1:amd64 (2.44-3) ...
#7 20.05 Setting up libelf1t64:amd64 (0.192-4) ...
#7 20.05 Setting up libjansson4:amd64 (2.14-2+b3) ...
#7 20.06 Setting up libkrb5support0:amd64 (1.21.3-5+deb13u1) ...
#7 20.06 Setting up libsasl2-modules-db:amd64 (2.1.28+dfsg1-9) ...
#7 20.06 Setting up libxcb-present0:amd64 (1.17.0-2+b1) ...
#7 20.07 Setting up libz3-4:amd64 (4.13.3-1) ...
#7 20.07 Setting up libunbound8:amd64 (1.22.0-2+deb13u3) ...
#7 20.07 Setting up libpkgconf3:amd64 (1.8.1-4) ...
#7 20.08 Setting up libgmpxx4ldbl:amd64 (2:6.3.0+dfsg-3) ...
#7 20.08 Setting up rpcsvc-proto (1.4.3-1) ...
#7 20.08 Setting up libjpeg62-turbo:amd64 (1:2.1.5-4) ...
#7 20.09 Setting up libx11-data (2:1.8.12-1) ...
#7 20.09 Setting up make (4.4.1-2) ...
#7 20.10 Setting up libmpfr6:amd64 (4.2.2-1) ...
#7 20.10 Setting up libnspr4:amd64 (2:4.36-1) ...
#7 20.11 Setting up gnupg-l10n (2.4.7-21+deb13u1) ...
#7 20.11 Setting up libxcb-sync1:amd64 (1.17.0-2+b1) ...
#7 20.11 Setting up xz-utils (5.8.1-1) ...
#7 20.12 update-alternatives: using /usr/bin/xz to provide /usr/bin/lzma (lzma) in auto mode
#7 20.12 update-alternatives: warning: skip creation of /usr/share/man/man1/lzma.1.gz because associated file /usr/share/man/man1/xz.1.gz (of link group lzma) doesn't exist
#7 20.12 update-alternatives: warning: skip creation of /usr/share/man/man1/unlzma.1.gz because associated file /usr/share/man/man1/unxz.1.gz (of link group lzma) doesn't exist
#7 20.12 update-alternatives: warning: skip creation of /usr/share/man/man1/lzcat.1.gz because associated file /usr/share/man/man1/xzcat.1.gz (of link group lzma) doesn't exist
#7 20.12 update-alternatives: warning: skip creation of /usr/share/man/man1/lzmore.1.gz because associated file /usr/share/man/man1/xzmore.1.gz (of link group lzma) doesn't exist
#7 20.12 update-alternatives: warning: skip creation of /usr/share/man/man1/lzless.1.gz because associated file /usr/share/man/man1/xzless.1.gz (of link group lzma) doesn't exist
#7 20.12 update-alternatives: warning: skip creation of /usr/share/man/man1/lzdiff.1.gz because associated file /usr/share/man/man1/xzdiff.1.gz (of link group lzma) doesn't exist
#7 20.12 update-alternatives: warning: skip creation of /usr/share/man/man1/lzcmp.1.gz because associated file /usr/share/man/man1/xzcmp.1.gz (of link group lzma) doesn't exist
#7 20.12 update-alternatives: warning: skip creation of /usr/share/man/man1/lzgrep.1.gz because associated file /usr/share/man/man1/xzgrep.1.gz (of link group lzma) doesn't exist
#7 20.12 update-alternatives: warning: skip creation of /usr/share/man/man1/lzegrep.1.gz because associated file /usr/share/man/man1/xzegrep.1.gz (of link group lzma) doesn't exist
#7 20.12 update-alternatives: warning: skip creation of /usr/share/man/man1/lzfgrep.1.gz because associated file /usr/share/man/man1/xzfgrep.1.gz (of link group lzma) doesn't exist
#7 20.12 Setting up libfribidi0:amd64 (1.0.16-1) ...
#7 20.13 Setting up libquadmath0:amd64 (14.2.0-19) ...
#7 20.13 Setting up libp11-kit0:amd64 (0.25.5-3) ...
#7 20.13 Setting up libunistring5:amd64 (1.3-2) ...
#7 20.14 Setting up fonts-dejavu-mono (2.37-8) ...
#7 20.14 Setting up libssl-dev:amd64 (3.5.6-1~deb13u2) ...
#7 20.15 Setting up libpng16-16t64:amd64 (1.6.48-1+deb13u5) ...
#7 20.15 Setting up libmpc3:amd64 (1.3.1-1+b3) ...
#7 20.15 Setting up libatomic1:amd64 (14.2.0-19) ...
#7 20.16 Setting up patch (2.8-2) ...
#7 20.16 Setting up fonts-dejavu-core (2.37-8) ...
#7 20.18 Setting up pkgconf-bin (1.8.1-4) ...
#7 20.19 Setting up libsensors5:amd64 (1:3.6.2-2) ...
#7 20.19 Setting up libk5crypto3:amd64 (1.21.3-5+deb13u1) ...
#7 20.19 Setting up libsasl2-2:amd64 (2.1.28+dfsg1-9) ...
#7 20.20 Setting up libvulkan1:amd64 (1.4.309.0-1) ...
#7 20.20 Setting up libnghttp3-9:amd64 (1.8.0-1) ...
#7 20.20 Setting up libxxhash-dev:amd64 (0.8.3-2) ...
#7 20.21 Setting up libwebp7:amd64 (1.5.0-0.1) ...
#7 20.21 Setting up libnghttp3-dev:amd64 (1.8.0-1) ...
#7 20.21 Setting up liblzma-dev:amd64 (5.8.1-1) ...
#7 20.22 Setting up libubsan1:amd64 (14.2.0-19) ...
#7 20.22 Setting up libgif7:amd64 (5.2.2-1+b1) ...
#7 20.24 Setting up perl-modules-5.40 (5.40.1-6) ...
#7 20.24 Setting up libxshmfence1:amd64 (1.3.3-1) ...
#7 20.24 Setting up libhwasan0:amd64 (14.2.0-19) ...
#7 20.25 Setting up libcrypt-dev:amd64 (1:4.4.38-1) ...
#7 20.25 Setting up libtiff6:amd64 (4.7.0-3+deb13u2) ...
#7 20.26 Setting up libxcb-randr0:amd64 (1.17.0-2+b1) ...
#7 20.26 Setting up libasan8:amd64 (14.2.0-19) ...
#7 20.26 Setting up libassuan9:amd64 (3.0.2-2) ...
#7 20.27 Setting up gpgconf (2.4.7-21+deb13u1+b3) ...
#7 20.27 Setting up libtasn1-6:amd64 (4.20.0-2) ...
#7 20.27 Setting up libext2fs2t64:amd64 (1.47.2-3+b11) ...
#7 20.28 Setting up libopenjp2-7:amd64 (2.5.3-2.1~deb13u2) ...
#7 20.28 Setting up libx11-6:amd64 (2:1.8.12-1) ...
#7 20.28 Setting up libthai-data (0.1.29-2) ...
#7 20.29 Setting up libngtcp2-16:amd64 (1.11.0-1+deb13u1) ...
#7 20.29 Setting up libkrb5-3:amd64 (1.21.3-5+deb13u1) ...
#7 20.29 Setting up libicu76:amd64 (76.1-4) ...
#7 20.30 Setting up tesseract-ocr-osd (1:4.1.0-2) ...
#7 20.30 Setting up libssh2-1t64:amd64 (1.11.1-1) ...
#7 20.30 Setting up libtsan2:amd64 (14.2.0-19) ...
#7 20.30 Setting up libbinutils:amd64 (2.44-3) ...
#7 20.31 Setting up libisl23:amd64 (0.27-1) ...
#7 20.31 Setting up libc-dev-bin (2.41-12+deb13u3) ...
#7 20.31 Setting up libtasn1-6-dev:amd64 (4.20.0-2) ...
#7 20.32 Setting up libwebpmux3:amd64 (1.5.0-0.1) ...
#7 20.32 Setting up libdrm-common (2.4.124-2) ...
#7 20.32 Setting up libxml2:amd64 (2.12.7+dfsg+really2.9.14-2.1+deb13u2) ...
#7 20.32 Setting up libcc1-0:amd64 (14.2.0-19) ...
#7 20.33 Setting up libldap2:amd64 (2.6.10+dfsg-1) ...
#7 20.33 Setting up libbrotli-dev:amd64 (1.1.0-2+b7) ...
#7 20.33 Setting up liblsan0:amd64 (14.2.0-19) ...
#7 20.34 Setting up libp11-kit-dev:amd64 (0.25.5-3) ...
#7 20.34 Setting up libitm1:amd64 (14.2.0-19) ...
#7 20.34 Setting up libctf0:amd64 (2.44-3) ...
#7 20.35 Setting up libksba8:amd64 (1.6.7-2+b1) ...
#7 20.35 Setting up pinentry-curses (1.3.1-2) ...
#7 20.35 Setting up libxcb-dri3-0:amd64 (1.17.0-2+b1) ...
#7 20.36 Setting up libllvm19:amd64 (1:19.1.7-3+b1) ...
#7 20.36 Setting up libx11-xcb1:amd64 (2:1.8.12-1) ...
#7 20.36 Setting up libgmp-dev:amd64 (2:6.3.0+dfsg-3) ...
#7 20.37 Setting up gpg-agent (2.4.7-21+deb13u1+b3) ...
#7 20.81 Setting up nettle-dev:amd64 (3.10.1-1) ...
#7 20.81 Setting up libxrender1:amd64 (1:0.9.12-1) ...
#7 20.82 Setting up fontconfig-config (2.15.0-2.3) ...
#7 20.88 debconf: unable to initialize frontend: Dialog
#7 20.88 debconf: (TERM is not set, so the dialog frontend is not usable.)
#7 20.88 debconf: falling back to frontend: Readline
#7 20.89 debconf: unable to initialize frontend: Readline
#7 20.89 debconf: (This frontend requires a controlling tty.)
#7 20.89 debconf: falling back to frontend: Teletype
#7 20.89 debconf: unable to initialize frontend: Teletype
#7 20.89 debconf: (This frontend requires a controlling tty.)
#7 20.89 debconf: falling back to frontend: Noninteractive
#7 20.93 Setting up gpgsm (2.4.7-21+deb13u1+b3) ...
#7 20.93 Setting up libxext6:amd64 (2:1.3.4-1+b3) ...
#7 20.94 Setting up libleptonica6:amd64 (1.84.1-4) ...
#7 20.94 Setting up libidn2-0:amd64 (2.3.8-2) ...
#7 20.94 Setting up libnss3:amd64 (2:3.110-1+deb13u2) ...
#7 20.95 Setting up pkgconf:amd64 (1.8.1-4) ...
#7 20.95 Setting up libxxf86vm1:amd64 (1:1.1.4-1+b4) ...
#7 20.95 Setting up libperl5.40:amd64 (5.40.1-6) ...
#7 20.95 Setting up libthai0:amd64 (0.1.29-2+b1) ...
#7 20.96 Setting up libleptonica-dev (1.84.1-4) ...
#7 20.96 Setting up perl (5.40.1-6) ...
#7 20.97 Setting up libxml2-dev:amd64 (2.12.7+dfsg+really2.9.14-2.1+deb13u2) ...
#7 20.97 Setting up libglib2.0-0t64:amd64 (2.84.4-3~deb13u3) ...
#7 20.97 No schema files found: doing nothing.
#7 20.98 Setting up libgprofng0:amd64 (2.44-3) ...
#7 20.98 Setting up libfreetype6:amd64 (2.13.3+dfsg-1+deb13u1) ...
#7 20.98 Setting up libldap-dev:amd64 (2.6.10+dfsg-1) ...
#7 20.99 Setting up libgssapi-krb5-2:amd64 (1.21.3-5+deb13u1) ...
#7 20.99 Setting up liblz4-dev:amd64 (1.10.0-4) ...
#7 21.00 Setting up cpp-14-x86-64-linux-gnu (14.2.0-19) ...
#7 21.01 Setting up libidn2-dev:amd64 (2.3.8-2) ...
#7 21.01 Setting up libdpkg-perl (1.22.22) ...
#7 21.01 Setting up cpp-14 (14.2.0-19) ...
#7 21.02 Setting up libdrm2:amd64 (2.4.124-2) ...
#7 21.02 Setting up libc6-dev:amd64 (2.41-12+deb13u3) ...
#7 21.02 Setting up libharfbuzz0b:amd64 (10.2.0-1+deb13u1) ...
#7 21.03 Setting up libfontconfig1:amd64 (2.15.0-2.3) ...
#7 21.03 Setting up libgcc-14-dev:amd64 (14.2.0-19) ...
#7 21.03 Setting up libstdc++-14-dev:amd64 (14.2.0-19) ...
#7 21.03 Setting up libarchive13t64:amd64 (3.7.4-4+deb13u1) ...
#7 21.04 Setting up gpg (2.4.7-21+deb13u1+b3) ...
#7 21.15 Setting up binutils-x86-64-linux-gnu (2.44-3) ...
#7 21.15 Setting up libdrm-amdgpu1:amd64 (2.4.124-2) ...
#7 21.16 Setting up libbz2-dev:amd64 (1.0.8-6) ...
#7 21.16 Setting up cpp-x86-64-linux-gnu (4:14.2.0-1) ...
#7 21.16 Setting up libgnutls30t64:amd64 (3.8.9-3+deb13u4) ...
#7 21.16 Setting up libgnutls-openssl27t64:amd64 (3.8.9-3+deb13u4) ...
#7 21.17 Setting up libnghttp2-dev:amd64 (1.64.0-1.1+deb13u1) ...
#7 21.17 Setting up fontconfig (2.15.0-2.3) ...
#7 21.17 Regenerating fonts cache... done.
#7 23.20 Setting up libattr1-dev:amd64 (1:2.5.2-3) ...
#7 23.21 Setting up libpango-1.0-0:amd64 (1.56.3-1) ...
#7 23.21 Setting up libdrm-intel1:amd64 (2.4.124-2) ...
#7 23.22 Setting up libpsl5t64:amd64 (0.21.2-1.1+b1) ...
#7 23.22 Setting up binutils (2.44-3) ...
#7 23.23 Setting up libcairo2:amd64 (1.18.4-1+b1) ...
#7 23.23 Setting up dpkg-dev (1.22.22) ...
#7 23.23 Setting up libpsl-dev:amd64 (0.21.2-1.1+b1) ...
#7 23.24 Setting up dirmngr (2.4.7-21+deb13u1+b3) ...
#7 23.36 Setting up libgnutls-dane0t64:amd64 (3.8.9-3+deb13u4) ...
#7 23.37 Setting up librtmp1:amd64 (2.4+20151223.gitfa8646d.1-2+b5) ...
#7 23.37 Setting up libgssrpc4t64:amd64 (1.21.3-5+deb13u1) ...
#7 23.37 Setting up comerr-dev:amd64 (2.1-1.47.2-3+b11) ...
#7 23.38 Setting up zlib1g-dev:amd64 (1:1.3.dfsg+really1.3.1-1+b1) ...
#7 23.38 Setting up cpp (4:14.2.0-1) ...
#7 23.39 Setting up gnupg (2.4.7-21+deb13u1) ...
#7 23.40 Setting up libgpgme11t64:amd64 (1.24.2-3) ...
#7 23.40 Setting up gcc-14-x86-64-linux-gnu (14.2.0-19) ...
#7 23.40 Setting up libpangoft2-1.0-0:amd64 (1.56.3-1) ...
#7 23.41 Setting up libext2fs-dev (1.47.2-3+b11) ...
#7 23.41 Setting up libngtcp2-crypto-gnutls8:amd64 (1.11.0-1+deb13u1) ...
#7 23.41 Setting up libpangocairo-1.0-0:amd64 (1.56.3-1) ...
#7 23.42 Setting up libkadm5clnt-mit12:amd64 (1.21.3-5+deb13u1) ...
#7 23.42 Setting up libacl1-dev:amd64 (2.3.2-2+b1) ...
#7 23.42 Setting up libgnutls28-dev:amd64 (3.8.9-3+deb13u4) ...
#7 23.43 Setting up libgpgmepp6t64:amd64 (1.24.2-3) ...
#7 23.43 Setting up mesa-libgallium:amd64 (25.0.7-2) ...
#7 23.43 Setting up gcc-x86-64-linux-gnu (4:14.2.0-1) ...
#7 23.44 Setting up libcurl4t64:amd64 (8.14.1-2+deb13u3) ...
#7 23.44 Setting up libkdb5-10t64:amd64 (1.21.3-5+deb13u1) ...
#7 23.44 Setting up libgbm1:amd64 (25.0.7-2) ...
#7 23.45 Setting up libgl1-mesa-dri:amd64 (25.0.7-2) ...
#7 23.45 Setting up libcurl3t64-gnutls:amd64 (8.14.1-2+deb13u3) ...
#7 23.46 Setting up gcc-14 (14.2.0-19) ...
#7 23.46 Setting up librtmp-dev:amd64 (2.4+20151223.gitfa8646d.1-2+b5) ...
#7 23.46 Setting up libssh2-1-dev:amd64 (1.11.1-1) ...
#7 23.47 Setting up g++-14-x86-64-linux-gnu (14.2.0-19) ...
#7 23.47 Setting up libtesseract5:amd64 (5.5.0-1+b1) ...
#7 23.47 Setting up libarchive-dev:amd64 (3.7.4-4+deb13u1) ...
#7 23.47 Setting up libkadm5srv-mit12:amd64 (1.21.3-5+deb13u1) ...
#7 23.48 Setting up g++-x86-64-linux-gnu (4:14.2.0-1) ...
#7 23.48 Setting up g++-14 (14.2.0-19) ...
#7 23.48 Setting up krb5-multidev:amd64 (1.21.3-5+deb13u1) ...
#7 23.49 Setting up libglx-mesa0:amd64 (25.0.7-2) ...
#7 23.49 Setting up libpoppler147:amd64 (25.03.0-5+deb13u3) ...
#7 23.50 Setting up libglx0:amd64 (1.7.0-1+b2) ...
#7 23.50 Setting up gcc (4:14.2.0-1) ...
#7 23.51 Setting up libkrb5-dev:amd64 (1.21.3-5+deb13u1) ...
#7 23.51 Setting up libgl1:amd64 (1.7.0-1+b2) ...
#7 23.52 Setting up tesseract-ocr (5.5.0-1+b1) ...
#7 23.52 Setting up libcurl4-openssl-dev:amd64 (8.14.1-2+deb13u3) ...
#7 23.52 Setting up g++ (4:14.2.0-1) ...
#7 23.53 update-alternatives: using /usr/bin/g++ to provide /usr/bin/c++ (c++) in auto mode
#7 23.53 Setting up build-essential (12.12) ...
#7 23.53 Setting up poppler-utils (25.03.0-5+deb13u3) ...
#7 23.54 Setting up libtesseract-dev:amd64 (5.5.0-1+b1) ...
#7 23.54 Processing triggers for libc-bin (2.41-12+deb13u3) ...
#7 DONE 25.5s

#8 [3/6] WORKDIR /app
#8 DONE 0.0s

#9 [4/6] COPY requirements.txt .
#9 DONE 0.0s

#10 [5/6] RUN pip install --no-cache-dir -r requirements.txt
#10 1.689 Collecting fastapi==0.110.0
#10 1.709   Downloading fastapi-0.110.0-py3-none-any.whl (92 kB)
#10 1.715      ━━━━━━━━━━━━━━━━━━━━━━━━━━━━━━━━━━━━━━━━ 92.1/92.1 kB 29.4 MB/s eta 0:00:00
#10 1.767 Collecting uvicorn==0.28.0
#10 1.771   Downloading uvicorn-0.28.0-py3-none-any.whl (60 kB)
#10 1.774      ━━━━━━━━━━━━━━━━━━━━━━━━━━━━━━━━━━━━━━━ 60.6/60.6 kB 196.8 MB/s eta 0:00:00
#10 2.500 Collecting sqlalchemy==2.0.28
#10 2.505   Downloading SQLAlchemy-2.0.28-cp310-cp310-manylinux_2_17_x86_64.manylinux2014_x86_64.whl (3.1 MB)
#10 2.533      ━━━━━━━━━━━━━━━━━━━━━━━━━━━━━━━━━━━━━━━━ 3.1/3.1 MB 120.9 MB/s eta 0:00:00
#10 2.844 Collecting pydantic==2.6.4
#10 2.852   Downloading pydantic-2.6.4-py3-none-any.whl (394 kB)
#10 2.856      ━━━━━━━━━━━━━━━━━━━━━━━━━━━━━━━━━━━━━ 394.9/394.9 kB 297.5 MB/s eta 0:00:00
#10 2.883 Collecting python-jose[cryptography]==3.3.0
#10 2.887   Downloading python_jose-3.3.0-py2.py3-none-any.whl (33 kB)
#10 2.903 Collecting passlib[bcrypt]==1.7.4
#10 2.908   Downloading passlib-1.7.4-py2.py3-none-any.whl (525 kB)
#10 2.912      ━━━━━━━━━━━━━━━━━━━━━━━━━━━━━━━━━━━━━ 525.6/525.6 kB 254.9 MB/s eta 0:00:00
#10 2.937 Collecting python-multipart==0.0.9
#10 2.941   Downloading python_multipart-0.0.9-py3-none-any.whl (22 kB)
#10 3.096 Collecting psycopg2-binary==2.9.9
#10 3.101   Downloading psycopg2_binary-2.9.9-cp310-cp310-manylinux_2_17_x86_64.manylinux2014_x86_64.whl (3.0 MB)
#10 3.119      ━━━━━━━━━━━━━━━━━━━━━━━━━━━━━━━━━━━━━━━━ 3.0/3.0 MB 183.9 MB/s eta 0:00:00
#10 3.149 Collecting geopy
#10 3.154   Downloading geopy-2.4.1-py3-none-any.whl (125 kB)
#10 3.157      ━━━━━━━━━━━━━━━━━━━━━━━━━━━━━━━━━━━━━ 125.4/125.4 kB 227.9 MB/s eta 0:00:00
#10 3.175 Collecting slowapi
#10 3.178   Downloading slowapi-0.1.10-py3-none-any.whl (14 kB)
#10 3.205 Collecting pdfplumber
#10 3.209   Downloading pdfplumber-0.11.10-py3-none-any.whl (60 kB)
#10 3.211      ━━━━━━━━━━━━━━━━━━━━━━━━━━━━━━━━━━━━━━━ 60.0/60.0 kB 256.0 MB/s eta 0:00:00
#10 3.227 Collecting pytesseract
#10 3.233   Downloading pytesseract-0.3.13-py3-none-any.whl (14 kB)
#10 3.641 Collecting Pillow
#10 3.646   Downloading pillow-12.2.0-cp310-cp310-manylinux_2_27_x86_64.manylinux_2_28_x86_64.whl (7.1 MB)
#10 3.683      ━━━━━━━━━━━━━━━━━━━━━━━━━━━━━━━━━━━━━━━━ 7.1/7.1 MB 201.8 MB/s eta 0:00:00
#10 3.708 Collecting pdf2image
#10 3.712   Downloading pdf2image-1.17.0-py3-none-any.whl (11 kB)
#10 3.805 Collecting twilio
#10 3.809   Downloading twilio-9.10.9-py2.py3-none-any.whl (2.5 MB)
#10 3.822      ━━━━━━━━━━━━━━━━━━━━━━━━━━━━━━━━━━━━━━━━ 2.5/2.5 MB 224.5 MB/s eta 0:00:00
#10 3.908 Collecting requests
#10 3.912   Downloading requests-2.34.2-py3-none-any.whl (73 kB)
#10 3.915      ━━━━━━━━━━━━━━━━━━━━━━━━━━━━━━━━━━━━━━━ 73.1/73.1 kB 260.6 MB/s eta 0:00:00
#10 3.944 Collecting apscheduler
#10 3.949   Downloading apscheduler-3.11.2-py3-none-any.whl (64 kB)
#10 3.952      ━━━━━━━━━━━━━━━━━━━━━━━━━━━━━━━━━━━━━━━ 64.4/64.4 kB 256.6 MB/s eta 0:00:00
#10 3.972 Collecting google-generativeai
#10 3.976   Downloading google_generativeai-0.8.6-py3-none-any.whl (155 kB)
#10 3.978      ━━━━━━━━━━━━━━━━━━━━━━━━━━━━━━━━━━━━━ 155.1/155.1 kB 301.8 MB/s eta 0:00:00
#10 4.001 Collecting email-validator
#10 4.004   Downloading email_validator-2.3.0-py3-none-any.whl (35 kB)
#10 4.059 Collecting supabase==2.6.0
#10 4.064   Downloading supabase-2.6.0-py3-none-any.whl (16 kB)
#10 4.092 Collecting sentence-transformers
#10 4.097   Downloading sentence_transformers-5.6.0-py3-none-any.whl (596 kB)
#10 4.101      ━━━━━━━━━━━━━━━━━━━━━━━━━━━━━━━━━━━━━ 596.4/596.4 kB 268.6 MB/s eta 0:00:00
#10 4.183 Collecting faiss-cpu
#10 4.190   Downloading faiss_cpu-1.14.3-cp310-abi3-manylinux_2_27_x86_64.manylinux_2_28_x86_64.whl (18.5 MB)
#10 4.283      ━━━━━━━━━━━━━━━━━━━━━━━━━━━━━━━━━━━━━━━ 18.5/18.5 MB 200.9 MB/s eta 0:00:00
#10 4.578 Collecting reportlab
#10 4.583   Downloading reportlab-5.0.0-py3-none-any.whl (2.0 MB)
#10 4.596      ━━━━━━━━━━━━━━━━━━━━━━━━━━━━━━━━━━━━━━━━ 2.0/2.0 MB 179.5 MB/s eta 0:00:00
#10 4.631 Collecting firebase-admin
#10 4.636   Downloading firebase_admin-7.4.0-py3-none-any.whl (140 kB)
#10 4.638      ━━━━━━━━━━━━━━━━━━━━━━━━━━━━━━━━━━━━━ 141.0/141.0 kB 258.4 MB/s eta 0:00:00
#10 4.684 Collecting typing-extensions>=4.8.0
#10 4.690   Downloading typing_extensions-4.15.0-py3-none-any.whl (44 kB)
#10 4.692      ━━━━━━━━━━━━━━━━━━━━━━━━━━━━━━━━━━━━━━━ 44.6/44.6 kB 192.5 MB/s eta 0:00:00
#10 4.762 Collecting starlette<0.37.0,>=0.36.3
#10 4.767   Downloading starlette-0.36.3-py3-none-any.whl (71 kB)
#10 4.769      ━━━━━━━━━━━━━━━━━━━━━━━━━━━━━━━━━━━━━━━ 71.5/71.5 kB 274.1 MB/s eta 0:00:00
#10 4.801 Collecting h11>=0.8
#10 4.804   Downloading h11-0.16.0-py3-none-any.whl (37 kB)
#10 4.838 Collecting click>=7.0
#10 4.842   Downloading click-8.4.1-py3-none-any.whl (116 kB)
#10 4.845      ━━━━━━━━━━━━━━━━━━━━━━━━━━━━━━━━━━━━━ 116.6/116.6 kB 284.6 MB/s eta 0:00:00
#10 5.336 Collecting greenlet!=0.4.17
#10 5.344   Downloading greenlet-3.5.2-cp310-cp310-manylinux_2_24_x86_64.manylinux_2_28_x86_64.whl (615 kB)
#10 5.349      ━━━━━━━━━━━━━━━━━━━━━━━━━━━━━━━━━━━━━ 615.2/615.2 kB 242.0 MB/s eta 0:00:00
#10 5.372 Collecting annotated-types>=0.4.0
#10 5.380   Downloading annotated_types-0.7.0-py3-none-any.whl (13 kB)
#10 7.493 Collecting pydantic-core==2.16.3
#10 7.498   Downloading pydantic_core-2.16.3-cp310-cp310-manylinux_2_17_x86_64.manylinux2014_x86_64.whl (2.2 MB)
#10 7.509      ━━━━━━━━━━━━━━━━━━━━━━━━━━━━━━━━━━━━━━━━ 2.2/2.2 MB 223.0 MB/s eta 0:00:00
#10 7.548 Collecting rsa
#10 7.553   Downloading rsa-4.9.1-py3-none-any.whl (34 kB)
#10 7.586 Collecting pyasn1
#10 7.590   Downloading pyasn1-0.6.3-py3-none-any.whl (83 kB)
#10 7.593      ━━━━━━━━━━━━━━━━━━━━━━━━━━━━━━━━━━━━━━━ 84.0/84.0 kB 276.2 MB/s eta 0:00:00
#10 7.614 Collecting ecdsa!=0.15
#10 7.618   Downloading ecdsa-0.19.2-py2.py3-none-any.whl (150 kB)
#10 7.621      ━━━━━━━━━━━━━━━━━━━━━━━━━━━━━━━━━━━━━ 150.8/150.8 kB 314.0 MB/s eta 0:00:00
#10 8.170 Collecting cryptography>=3.4.0
#10 8.174   Downloading cryptography-49.0.0-cp39-abi3-manylinux_2_34_x86_64.whl (4.7 MB)
#10 8.198      ━━━━━━━━━━━━━━━━━━━━━━━━━━━━━━━━━━━━━━━━ 4.7/4.7 MB 212.7 MB/s eta 0:00:00
#10 8.394 Collecting bcrypt>=3.1.0
#10 8.398   Downloading bcrypt-5.0.0-cp39-abi3-manylinux_2_34_x86_64.whl (278 kB)
#10 8.401      ━━━━━━━━━━━━━━━━━━━━━━━━━━━━━━━━━━━━━ 278.2/278.2 kB 299.3 MB/s eta 0:00:00
#10 8.459 Collecting gotrue<3.0,>=1.3
#10 8.465   Downloading gotrue-2.12.4-py3-none-any.whl (42 kB)
#10 8.467      ━━━━━━━━━━━━━━━━━━━━━━━━━━━━━━━━━━━━━━━ 42.8/42.8 kB 221.1 MB/s eta 0:00:00
#10 8.508 Collecting postgrest<0.17.0,>=0.14
#10 8.513   Downloading postgrest-0.16.11-py3-none-any.whl (21 kB)
#10 8.539 Collecting supafunc<0.6.0,>=0.3.1
#10 8.544   Downloading supafunc-0.5.1-py3-none-any.whl (6.4 kB)
#10 8.583 Collecting realtime<2.0.0,>=1.0.0
#10 8.587   Downloading realtime-1.0.6-py3-none-any.whl (9.0 kB)
#10 8.626 Collecting httpx<0.28,>=0.24
#10 8.630   Downloading httpx-0.27.2-py3-none-any.whl (76 kB)
#10 8.633      ━━━━━━━━━━━━━━━━━━━━━━━━━━━━━━━━━━━━━━━ 76.4/76.4 kB 217.8 MB/s eta 0:00:00
#10 8.674 Collecting storage3<0.8.0,>=0.5.3
#10 8.680   Downloading storage3-0.7.7-py3-none-any.whl (16 kB)
#10 8.725 Collecting geographiclib<3,>=1.52
#10 8.729   Downloading geographiclib-2.1-py3-none-any.whl (40 kB)
#10 8.732      ━━━━━━━━━━━━━━━━━━━━━━━━━━━━━━━━━━━━━━━ 40.7/40.7 kB 205.4 MB/s eta 0:00:00
#10 8.784 Collecting limits>=2.3
#10 8.788   Downloading limits-5.8.0-py3-none-any.whl (60 kB)
#10 8.790      ━━━━━━━━━━━━━━━━━━━━━━━━━━━━━━━━━━━━━━━ 61.0/61.0 kB 233.0 MB/s eta 0:00:00
#10 8.823 Collecting pdfminer.six==20260107
#10 8.827   Downloading pdfminer_six-20260107-py3-none-any.whl (6.6 MB)
#10 8.861      ━━━━━━━━━━━━━━━━━━━━━━━━━━━━━━━━━━━━━━━━ 6.6/6.6 MB 209.0 MB/s eta 0:00:00
#10 9.120 Collecting pypdfium2>=5.9.0
#10 9.124   Downloading pypdfium2-5.10.1-py3-none-manylinux_2_17_x86_64.manylinux2014_x86_64.whl (3.7 MB)
#10 9.144      ━━━━━━━━━━━━━━━━━━━━━━━━━━━━━━━━━━━━━━━━ 3.7/3.7 MB 211.5 MB/s eta 0:00:00
#10 9.451 Collecting charset-normalizer>=2.0.0
#10 9.456   Downloading charset_normalizer-3.4.7-cp310-cp310-manylinux2014_x86_64.manylinux_2_17_x86_64.manylinux_2_28_x86_64.whl (216 kB)
#10 9.459      ━━━━━━━━━━━━━━━━━━━━━━━━━━━━━━━━━━━━━ 216.9/216.9 kB 313.6 MB/s eta 0:00:00
#10 9.504 Collecting packaging>=21.3
#10 9.508   Downloading packaging-26.2-py3-none-any.whl (100 kB)
#10 9.510      ━━━━━━━━━━━━━━━━━━━━━━━━━━━━━━━━━━━━━ 100.2/100.2 kB 289.3 MB/s eta 0:00:00
#10 9.560 Collecting aiohttp-retry>=2.8.3
#10 9.564   Downloading aiohttp_retry-2.9.1-py3-none-any.whl (10.0 kB)
#10 9.603 Collecting PyJWT<3.0.0,>=2.0.0
#10 9.607   Downloading pyjwt-2.13.0-py3-none-any.whl (31 kB)
#10 11.20 Collecting aiohttp>=3.8.4
#10 11.21   Downloading aiohttp-3.14.1-cp310-cp310-manylinux2014_x86_64.manylinux_2_17_x86_64.manylinux_2_28_x86_64.whl (1.7 MB)
#10 11.22      ━━━━━━━━━━━━━━━━━━━━━━━━━━━━━━━━━━━━━━━━ 1.7/1.7 MB 238.5 MB/s eta 0:00:00
#10 11.26 Collecting certifi>=2023.5.7
#10 11.27   Downloading certifi-2026.6.17-py3-none-any.whl (133 kB)
#10 11.27      ━━━━━━━━━━━━━━━━━━━━━━━━━━━━━━━━━━━━━ 133.3/133.3 kB 299.3 MB/s eta 0:00:00
#10 11.29 Collecting idna<4,>=2.5
#10 11.30   Downloading idna-3.18-py3-none-any.whl (65 kB)
#10 11.30      ━━━━━━━━━━━━━━━━━━━━━━━━━━━━━━━━━━━━━━━ 65.5/65.5 kB 287.9 MB/s eta 0:00:00
#10 11.36 Collecting urllib3<3,>=1.26
#10 11.37   Downloading urllib3-2.7.0-py3-none-any.whl (131 kB)
#10 11.37      ━━━━━━━━━━━━━━━━━━━━━━━━━━━━━━━━━━━━━ 131.1/131.1 kB 304.1 MB/s eta 0:00:00
#10 11.42 Collecting tzlocal>=3.0
#10 11.42   Downloading tzlocal-5.4.3-py3-none-any.whl (18 kB)
#10 11.88 Collecting protobuf
#10 11.88   Downloading protobuf-7.35.1-cp310-abi3-manylinux2014_x86_64.whl (327 kB)
#10 11.89      ━━━━━━━━━━━━━━━━━━━━━━━━━━━━━━━━━━━━━ 327.1/327.1 kB 309.5 MB/s eta 0:00:00
#10 12.01 Collecting google-api-python-client
#10 12.01   Downloading google_api_python_client-2.197.0-py3-none-any.whl (15.3 MB)
#10 12.09      ━━━━━━━━━━━━━━━━━━━━━━━━━━━━━━━━━━━━━━━ 15.3/15.3 MB 214.6 MB/s eta 0:00:00
#10 12.18 Collecting tqdm
#10 12.18   Downloading tqdm-4.68.3-py3-none-any.whl (78 kB)
#10 12.19      ━━━━━━━━━━━━━━━━━━━━━━━━━━━━━━━━━━━━━━━ 78.3/78.3 kB 272.5 MB/s eta 0:00:00
#10 12.21 Collecting google-ai-generativelanguage==0.6.15
#10 12.22   Downloading google_ai_generativelanguage-0.6.15-py3-none-any.whl (1.3 MB)
#10 12.23      ━━━━━━━━━━━━━━━━━━━━━━━━━━━━━━━━━━━━━━━━ 1.3/1.3 MB 244.6 MB/s eta 0:00:00
#10 12.31 Collecting google-api-core
#10 12.32   Downloading google_api_core-2.31.0-py3-none-any.whl (173 kB)
#10 12.32      ━━━━━━━━━━━━━━━━━━━━━━━━━━━━━━━━━━━━━ 173.1/173.1 kB 307.7 MB/s eta 0:00:00
#10 12.43 Collecting google-auth>=2.15.0
#10 12.43   Downloading google_auth-2.55.0-py3-none-any.whl (252 kB)
#10 12.44      ━━━━━━━━━━━━━━━━━━━━━━━━━━━━━━━━━━━━━ 252.4/252.4 kB 319.8 MB/s eta 0:00:00
#10 12.57 Collecting proto-plus<2.0.0dev,>=1.22.3
#10 12.57   Downloading proto_plus-1.28.0-py3-none-any.whl (50 kB)
#10 12.58      ━━━━━━━━━━━━━━━━━━━━━━━━━━━━━━━━━━━━━━━ 50.4/50.4 kB 245.8 MB/s eta 0:00:00
#10 12.65 Collecting protobuf
#10 12.66   Downloading protobuf-5.29.6-cp38-abi3-manylinux2014_x86_64.whl (320 kB)
#10 12.66      ━━━━━━━━━━━━━━━━━━━━━━━━━━━━━━━━━━━━━ 320.5/320.5 kB 313.4 MB/s eta 0:00:00
#10 12.69 Collecting dnspython>=2.0.0
#10 12.70   Downloading dnspython-2.8.0-py3-none-any.whl (331 kB)
#10 12.70      ━━━━━━━━━━━━━━━━━━━━━━━━━━━━━━━━━━━━━ 331.1/331.1 kB 312.1 MB/s eta 0:00:00
#10 13.45 Collecting numpy>=1.20.0
#10 13.45   Downloading numpy-2.2.6-cp310-cp310-manylinux_2_17_x86_64.manylinux2014_x86_64.whl (16.8 MB)
#10 13.53      ━━━━━━━━━━━━━━━━━━━━━━━━━━━━━━━━━━━━━━━ 16.8/16.8 MB 232.1 MB/s eta 0:00:00
#10 13.68 Collecting huggingface-hub>=0.23.0
#10 13.68   Downloading huggingface_hub-1.20.1-py3-none-any.whl (719 kB)
#10 13.69      ━━━━━━━━━━━━━━━━━━━━━━━━━━━━━━━━━━━━━ 719.8/719.8 kB 285.6 MB/s eta 0:00:00
#10 13.83 Collecting torch>=1.11.0
#10 13.83   Downloading torch-2.12.1-cp310-cp310-manylinux_2_28_x86_64.whl (532.1 MB)
#10 16.32      ━━━━━━━━━━━━━━━━━━━━━━━━━━━━━━━━━━━━━ 532.1/532.1 MB 203.9 MB/s eta 0:00:00
#10 16.99 Collecting transformers<6.0.0,>=4.41.0
#10 16.99   Downloading transformers-5.12.1-py3-none-any.whl (11.2 MB)
#10 17.05      ━━━━━━━━━━━━━━━━━━━━━━━━━━━━━━━━━━━━━━━ 11.2/11.2 MB 209.2 MB/s eta 0:00:00
#10 17.30 Collecting scikit-learn>=0.22.0
#10 17.31   Downloading scikit_learn-1.7.2-cp310-cp310-manylinux2014_x86_64.manylinux_2_17_x86_64.whl (9.7 MB)
#10 17.38      ━━━━━━━━━━━━━━━━━━━━━━━━━━━━━━━━━━━━━━━━ 9.7/9.7 MB 139.8 MB/s eta 0:00:00
#10 17.78 Collecting scipy>=1.0.0
#10 17.78   Downloading scipy-1.15.3-cp310-cp310-manylinux_2_17_x86_64.manylinux2014_x86_64.whl (37.7 MB)
#10 17.98      ━━━━━━━━━━━━━━━━━━━━━━━━━━━━━━━━━━━━━━━ 37.7/37.7 MB 203.3 MB/s eta 0:00:00
#10 18.08 Collecting httpx[http2]==0.28.1
#10 18.08   Downloading httpx-0.28.1-py3-none-any.whl (73 kB)
#10 18.08      ━━━━━━━━━━━━━━━━━━━━━━━━━━━━━━━━━━━━━━━ 73.5/73.5 kB 264.7 MB/s eta 0:00:00
#10 18.10 Collecting cachecontrol>=0.14.3
#10 18.11   Downloading cachecontrol-0.14.4-py3-none-any.whl (22 kB)
#10 18.21 Collecting google-cloud-storage>=3.1.1
#10 18.21   Downloading google_cloud_storage-3.12.0-py3-none-any.whl (340 kB)
#10 18.22      ━━━━━━━━━━━━━━━━━━━━━━━━━━━━━━━━━━━━━ 340.6/340.6 kB 331.1 MB/s eta 0:00:00
#10 18.27 Collecting google-cloud-firestore>=2.21.0
#10 18.27   Downloading google_cloud_firestore-2.27.0-py3-none-any.whl (429 kB)
#10 18.27      ━━━━━━━━━━━━━━━━━━━━━━━━━━━━━━━━━━━━━ 429.8/429.8 kB 320.4 MB/s eta 0:00:00
#10 18.29 INFO: pip is looking at multiple versions of firebase-admin to determine which version is compatible with other requirements. This could take a while.
#10 18.30 Collecting firebase-admin
#10 18.30   Downloading firebase_admin-7.3.0-py3-none-any.whl (138 kB)
#10 18.30      ━━━━━━━━━━━━━━━━━━━━━━━━━━━━━━━━━━━━━ 138.2/138.2 kB 276.4 MB/s eta 0:00:00
#10 18.35 Collecting httpcore==1.*
#10 18.35   Downloading httpcore-1.0.9-py3-none-any.whl (78 kB)
#10 18.36      ━━━━━━━━━━━━━━━━━━━━━━━━━━━━━━━━━━━━━━━ 78.8/78.8 kB 255.5 MB/s eta 0:00:00
#10 18.37 Collecting sniffio
#10 18.38   Downloading sniffio-1.3.1-py3-none-any.whl (10 kB)
#10 18.41 Collecting anyio
#10 18.42   Downloading anyio-4.14.0-py3-none-any.whl (123 kB)
#10 18.42      ━━━━━━━━━━━━━━━━━━━━━━━━━━━━━━━━━━━━━ 123.5/123.5 kB 265.5 MB/s eta 0:00:00
#10 18.45 Collecting firebase-admin
#10 18.46   Downloading firebase_admin-7.2.0-py3-none-any.whl (138 kB)
#10 18.46      ━━━━━━━━━━━━━━━━━━━━━━━━━━━━━━━━━━━━━ 138.0/138.0 kB 288.2 MB/s eta 0:00:00
#10 18.48   Downloading firebase_admin-7.1.0-py3-none-any.whl (137 kB)
#10 18.49      ━━━━━━━━━━━━━━━━━━━━━━━━━━━━━━━━━━━━━ 137.1/137.1 kB 289.2 MB/s eta 0:00:00
#10 18.51   Downloading firebase_admin-7.0.0-py3-none-any.whl (136 kB)
#10 18.51      ━━━━━━━━━━━━━━━━━━━━━━━━━━━━━━━━━━━━━ 136.9/136.9 kB 254.9 MB/s eta 0:00:00
#10 18.54   Downloading firebase_admin-6.9.0-py3-none-any.whl (139 kB)
#10 18.54      ━━━━━━━━━━━━━━━━━━━━━━━━━━━━━━━━━━━━━ 139.7/139.7 kB 253.7 MB/s eta 0:00:00
#10 18.67   Downloading firebase_admin-6.8.0-py3-none-any.whl (134 kB)
#10 18.67      ━━━━━━━━━━━━━━━━━━━━━━━━━━━━━━━━━━━━━ 134.2/134.2 kB 298.3 MB/s eta 0:00:00
#10 19.52 Collecting multidict<7.0,>=4.5
#10 19.52   Downloading multidict-6.7.1-cp310-cp310-manylinux2014_x86_64.manylinux_2_17_x86_64.manylinux_2_28_x86_64.whl (243 kB)
#10 19.53      ━━━━━━━━━━━━━━━━━━━━━━━━━━━━━━━━━━━━━ 243.3/243.3 kB 305.5 MB/s eta 0:00:00
#10 19.55 Collecting aiosignal>=1.4.0
#10 19.55   Downloading aiosignal-1.4.0-py3-none-any.whl (7.5 kB)
#10 19.57 Collecting async-timeout<6.0,>=4.0
#10 19.58   Downloading async_timeout-5.0.1-py3-none-any.whl (6.2 kB)
#10 19.60 Collecting aiohappyeyeballs>=2.5.0
#10 19.61   Downloading aiohappyeyeballs-2.6.2-py3-none-any.whl (15 kB)
#10 19.79 Collecting frozenlist>=1.1.1
#10 19.80   Downloading frozenlist-1.8.0-cp310-cp310-manylinux1_x86_64.manylinux_2_28_x86_64.manylinux_2_5_x86_64.whl (219 kB)
#10 19.80      ━━━━━━━━━━━━━━━━━━━━━━━━━━━━━━━━━━━━━ 219.5/219.5 kB 308.5 MB/s eta 0:00:00
#10 19.83 Collecting attrs>=17.3.0
#10 19.83   Downloading attrs-26.1.0-py3-none-any.whl (67 kB)
#10 19.83      ━━━━━━━━━━━━━━━━━━━━━━━━━━━━━━━━━━━━━━━ 67.5/67.5 kB 204.3 MB/s eta 0:00:00
#10 20.59 Collecting yarl<2.0,>=1.17.0
#10 20.60   Downloading yarl-1.24.2-cp310-cp310-manylinux2014_x86_64.manylinux_2_17_x86_64.manylinux_2_28_x86_64.whl (106 kB)
#10 20.60      ━━━━━━━━━━━━━━━━━━━━━━━━━━━━━━━━━━━━━ 106.7/106.7 kB 261.6 MB/s eta 0:00:00
#10 20.77 Collecting propcache>=0.2.0
#10 20.77   Downloading propcache-0.5.2-cp310-cp310-manylinux2014_x86_64.manylinux_2_17_x86_64.manylinux_2_28_x86_64.whl (60 kB)
#10 20.77      ━━━━━━━━━━━━━━━━━━━━━━━━━━━━━━━━━━━━━━━ 60.1/60.1 kB 266.5 MB/s eta 0:00:00
#10 21.03 Collecting msgpack<2.0.0,>=0.5.2
#10 21.03   Downloading msgpack-1.2.1-cp310-cp310-manylinux2014_x86_64.manylinux_2_17_x86_64.manylinux_2_28_x86_64.whl (407 kB)
#10 21.04      ━━━━━━━━━━━━━━━━━━━━━━━━━━━━━━━━━━━━━ 407.6/407.6 kB 315.8 MB/s eta 0:00:00
#10 21.35 Collecting cffi>=2.0.0
#10 21.36   Downloading cffi-2.0.0-cp310-cp310-manylinux2014_x86_64.manylinux_2_17_x86_64.whl (216 kB)
#10 21.36      ━━━━━━━━━━━━━━━━━━━━━━━━━━━━━━━━━━━━━ 216.5/216.5 kB 291.8 MB/s eta 0:00:00
#10 21.41 Collecting six>=1.9.0
#10 21.41   Downloading six-1.17.0-py2.py3-none-any.whl (11 kB)
#10 21.47 Collecting googleapis-common-protos<2.0.0,>=1.63.2
#10 21.47   Downloading googleapis_common_protos-1.75.0-py3-none-any.whl (300 kB)
#10 21.48      ━━━━━━━━━━━━━━━━━━━━━━━━━━━━━━━━━━━━━ 300.6/300.6 kB 309.3 MB/s eta 0:00:00
#10 23.22 Collecting grpcio<2.0.0,>=1.41.0
#10 23.22   Downloading grpcio-1.81.1-cp310-cp310-manylinux2014_x86_64.manylinux_2_17_x86_64.whl (6.8 MB)
#10 23.25      ━━━━━━━━━━━━━━━━━━━━━━━━━━━━━━━━━━━━━━━━ 6.8/6.8 MB 287.6 MB/s eta 0:00:00
#10 23.33 Collecting grpcio-status<2.0.0,>=1.41.0
#10 23.33   Downloading grpcio_status-1.81.1-py3-none-any.whl (14 kB)
#10 23.36 Collecting uritemplate<5,>=3.0.1
#10 23.36   Downloading uritemplate-4.2.0-py3-none-any.whl (11 kB)
#10 23.39 Collecting httplib2<1.0.0,>=0.19.0
#10 23.39   Downloading httplib2-0.31.2-py3-none-any.whl (91 kB)
#10 23.39      ━━━━━━━━━━━━━━━━━━━━━━━━━━━━━━━━━━━━━━━ 91.1/91.1 kB 289.5 MB/s eta 0:00:00
#10 23.44 Collecting google-auth-httplib2<1.0.0,>=0.2.0
#10 23.45   Downloading google_auth_httplib2-0.4.0-py3-none-any.whl (9.5 kB)
#10 23.51 Collecting pyasn1-modules>=0.2.1
#10 23.51   Downloading pyasn1_modules-0.4.2-py3-none-any.whl (181 kB)
#10 23.52      ━━━━━━━━━━━━━━━━━━━━━━━━━━━━━━━━━━━━━ 181.3/181.3 kB 309.2 MB/s eta 0:00:00
#10 23.65 Collecting google-cloud-core<3.0.0,>=2.0.0
#10 23.65   Downloading google_cloud_core-2.6.0-py3-none-any.whl (29 kB)
#10 23.79 Collecting google-resumable-media<3.0.0,>=2.7.2
#10 23.79   Downloading google_resumable_media-2.10.0-py3-none-any.whl (81 kB)
#10 23.79      ━━━━━━━━━━━━━━━━━━━━━━━━━━━━━━━━━━━━━━━ 81.5/81.5 kB 266.3 MB/s eta 0:00:00
#10 23.92 Collecting google-crc32c<2.0.0,>=1.6.0
#10 23.92   Downloading google_crc32c-1.8.0-cp310-cp310-manylinux1_x86_64.manylinux2014_x86_64.manylinux_2_17_x86_64.manylinux_2_5_x86_64.whl (33 kB)
#10 23.98 Collecting httpx[http2]<0.29,>=0.26
#10 23.98   Downloading httpx-0.28.0-py3-none-any.whl (73 kB)
#10 23.99      ━━━━━━━━━━━━━━━━━━━━━━━━━━━━━━━━━━━━━━━ 73.6/73.6 kB 240.4 MB/s eta 0:00:00
#10 24.02 Collecting h2<5,>=3
#10 24.02   Downloading h2-4.3.0-py3-none-any.whl (61 kB)
#10 24.03      ━━━━━━━━━━━━━━━━━━━━━━━━━━━━━━━━━━━━━━━ 61.8/61.8 kB 247.9 MB/s eta 0:00:00
#10 24.17 Collecting fsspec>=2023.5.0
#10 24.18   Downloading fsspec-2026.6.0-py3-none-any.whl (203 kB)
#10 24.18      ━━━━━━━━━━━━━━━━━━━━━━━━━━━━━━━━━━━━━ 203.9/203.9 kB 306.9 MB/s eta 0:00:00
#10 24.24 Collecting typer<0.26.0,>=0.20.0
#10 24.25   Downloading typer-0.25.1-py3-none-any.whl (58 kB)
#10 24.25      ━━━━━━━━━━━━━━━━━━━━━━━━━━━━━━━━━━━━━━━ 58.4/58.4 kB 213.3 MB/s eta 0:00:00
#10 24.31 Collecting filelock>=3.10.0
#10 24.31   Downloading filelock-3.29.4-py3-none-any.whl (42 kB)
#10 24.31      ━━━━━━━━━━━━━━━━━━━━━━━━━━━━━━━━━━━━━━━ 42.8/42.8 kB 224.2 MB/s eta 0:00:00
#10 24.40 Collecting hf-xet<2.0.0,>=1.5.1
#10 24.40   Downloading hf_xet-1.5.1-cp37-abi3-manylinux2014_x86_64.manylinux_2_17_x86_64.whl (4.5 MB)
#10 24.42      ━━━━━━━━━━━━━━━━━━━━━━━━━━━━━━━━━━━━━━━━ 4.5/4.5 MB 237.0 MB/s eta 0:00:00
#10 24.53 Collecting pyyaml>=5.1
#10 24.53   Downloading pyyaml-6.0.3-cp310-cp310-manylinux2014_x86_64.manylinux_2_17_x86_64.manylinux_2_28_x86_64.whl (770 kB)
#10 24.54      ━━━━━━━━━━━━━━━━━━━━━━━━━━━━━━━━━━━━━ 770.3/770.3 kB 315.5 MB/s eta 0:00:00
#10 24.59 Collecting deprecated>=1.2
#10 24.60   Downloading deprecated-1.3.1-py2.py3-none-any.whl (11 kB)
#10 24.65 Collecting strenum<0.5.0,>=0.4.9
#10 24.65   Downloading StrEnum-0.4.15-py3-none-any.whl (8.9 kB)
#10 24.67 Collecting deprecation<3.0.0,>=2.1.0
#10 24.67   Downloading deprecation-2.1.0-py2.py3-none-any.whl (11 kB)
#10 25.00 Collecting websockets<13,>=11
#10 25.00   Downloading websockets-12.0-cp310-cp310-manylinux_2_5_x86_64.manylinux1_x86_64.manylinux_2_17_x86_64.manylinux2014_x86_64.whl (130 kB)
#10 25.01      ━━━━━━━━━━━━━━━━━━━━━━━━━━━━━━━━━━━━━ 130.2/130.2 kB 283.5 MB/s eta 0:00:00
#10 25.03 Collecting python-dateutil<3.0.0,>=2.8.1
#10 25.03   Downloading python_dateutil-2.9.0.post0-py2.py3-none-any.whl (229 kB)
#10 25.04      ━━━━━━━━━━━━━━━━━━━━━━━━━━━━━━━━━━━━━ 229.9/229.9 kB 294.3 MB/s eta 0:00:00
#10 25.13 Collecting joblib>=1.2.0
#10 25.13   Downloading joblib-1.5.3-py3-none-any.whl (309 kB)
#10 25.13      ━━━━━━━━━━━━━━━━━━━━━━━━━━━━━━━━━━━━━ 309.1/309.1 kB 288.7 MB/s eta 0:00:00
#10 25.16 Collecting threadpoolctl>=3.1.0
#10 25.17   Downloading threadpoolctl-3.6.0-py3-none-any.whl (18 kB)
#10 25.33 Collecting networkx>=2.5.1
#10 25.34   Downloading networkx-3.4.2-py3-none-any.whl (1.7 MB)
#10 25.35      ━━━━━━━━━━━━━━━━━━━━━━━━━━━━━━━━━━━━━━━━ 1.7/1.7 MB 299.7 MB/s eta 0:00:00
#10 25.39 Collecting sympy>=1.13.3
#10 25.40   Downloading sympy-1.14.0-py3-none-any.whl (6.3 MB)
#10 25.42      ━━━━━━━━━━━━━━━━━━━━━━━━━━━━━━━━━━━━━━━━ 6.3/6.3 MB 273.8 MB/s eta 0:00:00
#10 25.50 Collecting cuda-bindings<14,>=13.0.3
#10 25.51   Downloading cuda_bindings-13.3.1-cp310-cp310-manylinux_2_24_x86_64.manylinux_2_28_x86_64.whl (6.7 MB)
#10 25.54      ━━━━━━━━━━━━━━━━━━━━━━━━━━━━━━━━━━━━━━━━ 6.7/6.7 MB 193.7 MB/s eta 0:00:00
#10 25.58 Collecting jinja2
#10 25.58   Downloading jinja2-3.1.6-py3-none-any.whl (134 kB)
#10 25.58      ━━━━━━━━━━━━━━━━━━━━━━━━━━━━━━━━━━━━━ 134.9/134.9 kB 270.4 MB/s eta 0:00:00
#10 25.60 Collecting cuda-toolkit[cudart,cufft,cufile,cupti,curand,cusolver,cusparse,nvjitlink,nvrtc,nvtx]==13.0.2
#10 25.61   Downloading cuda_toolkit-13.0.2-py2.py3-none-any.whl (2.4 kB)
#10 25.62 Collecting nvidia-cusparselt-cu13==0.8.1
#10 25.62   Downloading nvidia_cusparselt_cu13-0.8.1-py3-none-manylinux2014_x86_64.whl (170.1 MB)
#10 26.41      ━━━━━━━━━━━━━━━━━━━━━━━━━━━━━━━━━━━━━ 170.1/170.1 MB 258.1 MB/s eta 0:00:00
#10 26.59 Collecting nvidia-nvshmem-cu13==3.4.5
#10 26.59   Downloading nvidia_nvshmem_cu13-3.4.5-py3-none-manylinux2014_x86_64.manylinux_2_17_x86_64.whl (60.4 MB)
#10 26.84      ━━━━━━━━━━━━━━━━━━━━━━━━━━━━━━━━━━━━━━━ 60.4/60.4 MB 259.1 MB/s eta 0:00:00
#10 26.94 Collecting triton==3.7.1
#10 26.94   Downloading triton-3.7.1-cp310-cp310-manylinux_2_27_x86_64.manylinux_2_28_x86_64.whl (197.6 MB)
#10 27.91      ━━━━━━━━━━━━━━━━━━━━━━━━━━━━━━━━━━━━━ 197.6/197.6 MB 156.5 MB/s eta 0:00:00
#10 28.11 Collecting nvidia-cublas<=13.1.1.3,>=13.1.0.3
#10 28.12   Downloading nvidia_cublas-13.1.1.3-py3-none-manylinux_2_27_x86_64.whl (423.1 MB)
#10 29.62      ━━━━━━━━━━━━━━━━━━━━━━━━━━━━━━━━━━━━━ 423.1/423.1 MB 290.7 MB/s eta 0:00:00
#10 30.04 Collecting nvidia-nccl-cu13==2.29.7
#10 30.05   Downloading nvidia_nccl_cu13-2.29.7-py3-none-manylinux_2_18_x86_64.whl (206.0 MB)
#10 30.80      ━━━━━━━━━━━━━━━━━━━━━━━━━━━━━━━━━━━━━ 206.0/206.0 MB 223.1 MB/s eta 0:00:00
#10 31.00 Requirement already satisfied: setuptools<82 in /usr/local/lib/python3.10/site-packages (from torch>=1.11.0->sentence-transformers->-r requirements.txt (line 21)) (79.0.1)
#10 31.02 Collecting nvidia-cudnn-cu13==9.20.0.48
#10 31.02   Downloading nvidia_cudnn_cu13-9.20.0.48-py3-none-manylinux_2_27_x86_64.whl (366.2 MB)
#10 32.65      ━━━━━━━━━━━━━━━━━━━━━━━━━━━━━━━━━━━━━ 366.2/366.2 MB 251.2 MB/s eta 0:00:00
#10 33.11 Collecting nvidia-cuda-runtime==13.0.96.*
#10 33.12   Downloading nvidia_cuda_runtime-13.0.96-py3-none-manylinux2014_x86_64.manylinux_2_17_x86_64.whl (2.2 MB)
#10 33.13      ━━━━━━━━━━━━━━━━━━━━━━━━━━━━━━━━━━━━━━━━ 2.2/2.2 MB 274.5 MB/s eta 0:00:00
#10 33.15 Collecting nvidia-cusparse==12.6.3.3.*
#10 33.15   Downloading nvidia_cusparse-12.6.3.3-py3-none-manylinux2014_x86_64.manylinux_2_17_x86_64.whl (145.9 MB)
#10 33.67      ━━━━━━━━━━━━━━━━━━━━━━━━━━━━━━━━━━━━━ 145.9/145.9 MB 261.7 MB/s eta 0:00:00
#10 33.83 Collecting nvidia-cufft==12.0.0.61.*
#10 33.83   Downloading nvidia_cufft-12.0.0.61-py3-none-manylinux2014_x86_64.manylinux_2_17_x86_64.whl (214.1 MB)
#10 34.58      ━━━━━━━━━━━━━━━━━━━━━━━━━━━━━━━━━━━━━ 214.1/214.1 MB 295.3 MB/s eta 0:00:00
#10 34.80 Collecting nvidia-cuda-cupti==13.0.85.*
#10 34.80   Downloading nvidia_cuda_cupti-13.0.85-py3-none-manylinux_2_25_x86_64.whl (10.7 MB)
#10 34.85      ━━━━━━━━━━━━━━━━━━━━━━━━━━━━━━━━━━━━━━━ 10.7/10.7 MB 248.9 MB/s eta 0:00:00
#10 34.88 Collecting nvidia-cusolver==12.0.4.66.*
#10 34.88   Downloading nvidia_cusolver-12.0.4.66-py3-none-manylinux_2_27_x86_64.whl (200.9 MB)
#10 35.71      ━━━━━━━━━━━━━━━━━━━━━━━━━━━━━━━━━━━━━ 200.9/200.9 MB 262.7 MB/s eta 0:00:00
#10 35.92 Collecting nvidia-nvtx==13.0.85.*
#10 35.92   Downloading nvidia_nvtx-13.0.85-py3-none-manylinux1_x86_64.manylinux_2_5_x86_64.whl (148 kB)
#10 35.92      ━━━━━━━━━━━━━━━━━━━━━━━━━━━━━━━━━━━━━ 148.0/148.0 kB 102.2 MB/s eta 0:00:00
#10 35.94 Collecting nvidia-curand==10.4.0.35.*
#10 35.95   Downloading nvidia_curand-10.4.0.35-py3-none-manylinux_2_27_x86_64.whl (59.5 MB)
#10 36.19      ━━━━━━━━━━━━━━━━━━━━━━━━━━━━━━━━━━━━━━━ 59.5/59.5 MB 244.2 MB/s eta 0:00:00
#10 36.27 Collecting nvidia-cufile==1.15.1.6.*
#10 36.27   Downloading nvidia_cufile-1.15.1.6-py3-none-manylinux2014_x86_64.manylinux_2_17_x86_64.whl (1.2 MB)
#10 36.28      ━━━━━━━━━━━━━━━━━━━━━━━━━━━━━━━━━━━━━━━━ 1.2/1.2 MB 285.5 MB/s eta 0:00:00
#10 36.30 Collecting nvidia-cuda-nvrtc==13.0.88.*
#10 36.30   Downloading nvidia_cuda_nvrtc-13.0.88-py3-none-manylinux2010_x86_64.manylinux_2_12_x86_64.whl (90.2 MB)
#10 36.68      ━━━━━━━━━━━━━━━━━━━━━━━━━━━━━━━━━━━━━━━ 90.2/90.2 MB 242.5 MB/s eta 0:00:00
#10 36.78 Collecting nvidia-nvjitlink==13.0.88.*
#10 36.78   Downloading nvidia_nvjitlink-13.0.88-py3-none-manylinux2010_x86_64.manylinux_2_12_x86_64.whl (40.7 MB)
#10 36.96      ━━━━━━━━━━━━━━━━━━━━━━━━━━━━━━━━━━━━━━━ 40.7/40.7 MB 245.9 MB/s eta 0:00:00
#10 37.81 Collecting tokenizers<=0.23.0,>=0.22.0
#10 37.82   Downloading tokenizers-0.22.2-cp39-abi3-manylinux_2_17_x86_64.manylinux2014_x86_64.whl (3.3 MB)
#10 37.83      ━━━━━━━━━━━━━━━━━━━━━━━━━━━━━━━━━━━━━━━━ 3.3/3.3 MB 219.6 MB/s eta 0:00:00
#10 39.15 Collecting regex>=2025.10.22
#10 39.15   Downloading regex-2026.5.9-cp310-cp310-manylinux2014_x86_64.manylinux_2_17_x86_64.manylinux_2_28_x86_64.whl (794 kB)
#10 39.16      ━━━━━━━━━━━━━━━━━━━━━━━━━━━━━━━━━━━━━ 794.1/794.1 kB 301.5 MB/s eta 0:00:00
#10 39.52 Collecting safetensors>=0.4.3
#10 39.53   Downloading safetensors-0.8.0-cp310-abi3-manylinux_2_17_x86_64.manylinux2014_x86_64.whl (516 kB)
#10 39.53      ━━━━━━━━━━━━━━━━━━━━━━━━━━━━━━━━━━━━━ 516.0/516.0 kB 301.2 MB/s eta 0:00:00
#10 39.69 Collecting exceptiongroup>=1.0.2
#10 39.70   Downloading exceptiongroup-1.3.1-py3-none-any.whl (16 kB)
#10 39.75 Collecting pycparser
#10 39.75   Downloading pycparser-3.0-py3-none-any.whl (48 kB)
#10 39.75      ━━━━━━━━━━━━━━━━━━━━━━━━━━━━━━━━━━━━━━━ 48.2/48.2 kB 231.8 MB/s eta 0:00:00
#10 39.79 Collecting cuda-pathfinder>=1.4.2
#10 39.79   Downloading cuda_pathfinder-1.5.5-py3-none-any.whl (51 kB)
#10 39.80      ━━━━━━━━━━━━━━━━━━━━━━━━━━━━━━━━━━━━━━━ 51.7/51.7 kB 234.1 MB/s eta 0:00:00
#10 40.55 Collecting wrapt<3,>=1.10
#10 40.56   Downloading wrapt-2.2.2-cp310-cp310-manylinux1_x86_64.manylinux_2_28_x86_64.manylinux_2_5_x86_64.whl (152 kB)
#10 40.56      ━━━━━━━━━━━━━━━━━━━━━━━━━━━━━━━━━━━━━━ 153.0/153.0 kB 39.2 MB/s eta 0:00:00
#10 40.85 Collecting grpcio-status<2.0.0,>=1.41.0
#10 40.86   Downloading grpcio_status-1.81.0-py3-none-any.whl (14 kB)
#10 40.87   Downloading grpcio_status-1.80.0-py3-none-any.whl (14 kB)
#10 40.95   Downloading grpcio_status-1.78.0-py3-none-any.whl (14 kB)
#10 40.97   Downloading grpcio_status-1.76.0-py3-none-any.whl (14 kB)
#10 41.00   Downloading grpcio_status-1.75.1-py3-none-any.whl (14 kB)
#10 41.03   Downloading grpcio_status-1.75.0-py3-none-any.whl (14 kB)
#10 41.07   Downloading grpcio_status-1.74.0-py3-none-any.whl (14 kB)
#10 41.08   Downloading grpcio_status-1.73.1-py3-none-any.whl (14 kB)
#10 41.15   Downloading grpcio_status-1.73.0-py3-none-any.whl (14 kB)
#10 41.18   Downloading grpcio_status-1.72.2-py3-none-any.whl (14 kB)
#10 41.22   Downloading grpcio_status-1.72.1-py3-none-any.whl (14 kB)
#10 41.25   Downloading grpcio_status-1.71.2-py3-none-any.whl (14 kB)
#10 41.40 Collecting pyparsing<4,>=3.1
#10 41.40   Downloading pyparsing-3.3.2-py3-none-any.whl (122 kB)
#10 41.40      ━━━━━━━━━━━━━━━━━━━━━━━━━━━━━━━━━━━━━ 122.8/122.8 kB 270.3 MB/s eta 0:00:00
#10 41.71 Collecting mpmath<1.4,>=1.1.0
#10 41.71   Downloading mpmath-1.3.0-py3-none-any.whl (536 kB)
#10 41.72      ━━━━━━━━━━━━━━━━━━━━━━━━━━━━━━━━━━━━━ 536.2/536.2 kB 330.8 MB/s eta 0:00:00
#10 41.82 Collecting annotated-doc>=0.0.2
#10 41.82   Downloading annotated_doc-0.0.4-py3-none-any.whl (5.3 kB)
#10 41.86 Collecting shellingham>=1.3.0
#10 41.86   Downloading shellingham-1.5.4-py2.py3-none-any.whl (9.8 kB)
#10 41.96 Collecting rich>=13.8.0
#10 41.96   Downloading rich-15.0.0-py3-none-any.whl (310 kB)
#10 41.97      ━━━━━━━━━━━━━━━━━━━━━━━━━━━━━━━━━━━━━ 310.7/310.7 kB 311.0 MB/s eta 0:00:00
#10 42.19 Collecting MarkupSafe>=2.0
#10 42.19   Downloading markupsafe-3.0.3-cp310-cp310-manylinux2014_x86_64.manylinux_2_17_x86_64.manylinux_2_28_x86_64.whl (20 kB)
#10 42.29 Collecting hpack<5,>=4.1
#10 42.29   Downloading hpack-4.1.0-py3-none-any.whl (34 kB)
#10 42.31 Collecting hyperframe<7,>=6.1
#10 42.31   Downloading hyperframe-6.1.0-py3-none-any.whl (13 kB)
#10 42.41 Collecting markdown-it-py>=2.2.0
#10 42.42   Downloading markdown_it_py-4.2.0-py3-none-any.whl (91 kB)
#10 42.42      ━━━━━━━━━━━━━━━━━━━━━━━━━━━━━━━━━━━━━━━ 91.7/91.7 kB 285.2 MB/s eta 0:00:00
#10 42.46 Collecting pygments<3.0.0,>=2.13.0
#10 42.46   Downloading pygments-2.20.0-py3-none-any.whl (1.2 MB)
#10 42.47      ━━━━━━━━━━━━━━━━━━━━━━━━━━━━━━━━━━━━━━━━ 1.2/1.2 MB 283.3 MB/s eta 0:00:00
#10 42.61 Collecting mdurl~=0.1
#10 42.62   Downloading mdurl-0.1.2-py3-none-any.whl (10.0 kB)
#10 43.94 Installing collected packages: strenum, passlib, nvidia-cusparselt-cu13, mpmath, cuda-toolkit, wrapt, websockets, urllib3, uritemplate, tzlocal, typing-extensions, triton, tqdm, threadpoolctl, sympy, sniffio, six, shellingham, safetensors, regex, pyyaml, python-multipart, pypdfium2, pyparsing, pygments, pycparser, pyasn1, psycopg2-binary, protobuf, propcache, Pillow, packaging, nvidia-nvtx, nvidia-nvshmem-cu13, nvidia-nvjitlink, nvidia-nccl-cu13, nvidia-curand, nvidia-cufile, nvidia-cuda-runtime, nvidia-cuda-nvrtc, nvidia-cuda-cupti, numpy, networkx, msgpack, mdurl, MarkupSafe, joblib, idna, hyperframe, hpack, hf-xet, h11, greenlet, google-crc32c, geographiclib, fsspec, frozenlist, filelock, dnspython, cuda-pathfinder, click, charset-normalizer, certifi, bcrypt, attrs, async-timeout, annotated-types, annotated-doc, aiohappyeyeballs, uvicorn, sqlalchemy, scipy, rsa, requests, reportlab, python-dateutil, pytesseract, PyJWT, pydantic-core, pyasn1-modules, proto-plus, pdf2image, nvidia-cusparse, nvidia-cufft, nvidia-cublas, multidict, markdown-it-py, jinja2, httplib2, httpcore, h2, grpcio, googleapis-common-protos, google-resumable-media, geopy, faiss-cpu, exceptiongroup, email-validator, ecdsa, deprecation, deprecated, cuda-bindings, cffi, apscheduler, aiosignal, yarl, scikit-learn, rich, realtime, python-jose, pydantic, nvidia-cusolver, nvidia-cudnn-cu13, limits, grpcio-status, cryptography, cachecontrol, anyio, typer, starlette, slowapi, pdfminer.six, httpx, google-auth, aiohttp, torch, pdfplumber, huggingface-hub, google-auth-httplib2, google-api-core, fastapi, aiohttp-retry, twilio, tokenizers, supafunc, storage3, postgrest, gotrue, google-cloud-core, google-api-python-client, transformers, supabase, google-cloud-storage, google-cloud-firestore, google-ai-generativelanguage, sentence-transformers, google-generativeai, firebase-admin
#10 97.86 Successfully installed MarkupSafe-3.0.3 Pillow-12.2.0 PyJWT-2.13.0 aiohappyeyeballs-2.6.2 aiohttp-3.14.1 aiohttp-retry-2.9.1 aiosignal-1.4.0 annotated-doc-0.0.4 annotated-types-0.7.0 anyio-4.14.0 apscheduler-3.11.2 async-timeout-5.0.1 attrs-26.1.0 bcrypt-5.0.0 cachecontrol-0.14.4 certifi-2026.6.17 cffi-2.0.0 charset-normalizer-3.4.7 click-8.4.1 cryptography-49.0.0 cuda-bindings-13.3.1 cuda-pathfinder-1.5.5 cuda-toolkit-13.0.2 deprecated-1.3.1 deprecation-2.1.0 dnspython-2.8.0 ecdsa-0.19.2 email-validator-2.3.0 exceptiongroup-1.3.1 faiss-cpu-1.14.3 fastapi-0.110.0 filelock-3.29.4 firebase-admin-6.8.0 frozenlist-1.8.0 fsspec-2026.6.0 geographiclib-2.1 geopy-2.4.1 google-ai-generativelanguage-0.6.15 google-api-core-2.31.0 google-api-python-client-2.197.0 google-auth-2.55.0 google-auth-httplib2-0.4.0 google-cloud-core-2.6.0 google-cloud-firestore-2.27.0 google-cloud-storage-3.12.0 google-crc32c-1.8.0 google-generativeai-0.8.6 google-resumable-media-2.10.0 googleapis-common-protos-1.75.0 gotrue-2.12.4 greenlet-3.5.2 grpcio-1.81.1 grpcio-status-1.71.2 h11-0.16.0 h2-4.3.0 hf-xet-1.5.1 hpack-4.1.0 httpcore-1.0.9 httplib2-0.31.2 httpx-0.27.2 huggingface-hub-1.20.1 hyperframe-6.1.0 idna-3.18 jinja2-3.1.6 joblib-1.5.3 limits-5.8.0 markdown-it-py-4.2.0 mdurl-0.1.2 mpmath-1.3.0 msgpack-1.2.1 multidict-6.7.1 networkx-3.4.2 numpy-2.2.6 nvidia-cublas-13.1.1.3 nvidia-cuda-cupti-13.0.85 nvidia-cuda-nvrtc-13.0.88 nvidia-cuda-runtime-13.0.96 nvidia-cudnn-cu13-9.20.0.48 nvidia-cufft-12.0.0.61 nvidia-cufile-1.15.1.6 nvidia-curand-10.4.0.35 nvidia-cusolver-12.0.4.66 nvidia-cusparse-12.6.3.3 nvidia-cusparselt-cu13-0.8.1 nvidia-nccl-cu13-2.29.7 nvidia-nvjitlink-13.0.88 nvidia-nvshmem-cu13-3.4.5 nvidia-nvtx-13.0.85 packaging-26.2 passlib-1.7.4 pdf2image-1.17.0 pdfminer.six-20260107 pdfplumber-0.11.10 postgrest-0.16.11 propcache-0.5.2 proto-plus-1.28.0 protobuf-5.29.6 psycopg2-binary-2.9.9 pyasn1-0.6.3 pyasn1-modules-0.4.2 pycparser-3.0 pydantic-2.6.4 pydantic-core-2.16.3 pygments-2.20.0 pyparsing-3.3.2 pypdfium2-5.10.1 pytesseract-0.3.13 python-dateutil-2.9.0.post0 python-jose-3.3.0 python-multipart-0.0.9 pyyaml-6.0.3 realtime-1.0.6 regex-2026.5.9 reportlab-5.0.0 requests-2.34.2 rich-15.0.0 rsa-4.9.1 safetensors-0.8.0 scikit-learn-1.7.2 scipy-1.15.3 sentence-transformers-5.6.0 shellingham-1.5.4 six-1.17.0 slowapi-0.1.10 sniffio-1.3.1 sqlalchemy-2.0.28 starlette-0.36.3 storage3-0.7.7 strenum-0.4.15 supabase-2.6.0 supafunc-0.5.1 sympy-1.14.0 threadpoolctl-3.6.0 tokenizers-0.22.2 torch-2.12.1 tqdm-4.68.3 transformers-5.12.1 triton-3.7.1 twilio-9.10.9 typer-0.25.1 typing-extensions-4.15.0 tzlocal-5.4.3 uritemplate-4.2.0 urllib3-2.7.0 uvicorn-0.28.0 websockets-12.0 wrapt-2.2.2 yarl-1.24.2
#10 97.86 WARNING: Running pip as the 'root' user can result in broken permissions and conflicting behaviour with the system package manager. It is recommended to use a virtual environment instead: https://pip.pypa.io/warnings/venv
#10 97.95 
#10 97.95 [notice] A new release of pip is available: 23.0.1 -> 26.1.2
#10 97.95 [notice] To update, run: pip install --upgrade pip
#10 DONE 103.4s

#11 [6/6] COPY . .
#11 DONE 0.0s

#12 exporting to image
#12 exporting layers
#12 exporting layers 14.6s done
#12 writing image sha256:74082011053367d0523b2ee517d6ace11463362467e47a9ea5685616e7c782a2 done
#12 naming to docker.io/library/medicare-backend:latest done
#12 DONE 14.6s

=== FRONTEND BUILD LOG ===
#0 building with "default" instance using docker driver

#1 [internal] load build definition from Dockerfile
#1 transferring dockerfile: 343B done
#1 DONE 0.0s

#2 [auth] library/node:pull token for registry-1.docker.io
#2 DONE 0.0s

#3 [auth] library/nginx:pull token for registry-1.docker.io
#3 DONE 0.0s

#4 [internal] load metadata for docker.io/library/node:20-slim
#4 ...

#5 [internal] load metadata for docker.io/library/nginx:stable-alpine
#5 DONE 0.3s

#4 [internal] load metadata for docker.io/library/node:20-slim
#4 DONE 0.3s

#6 [internal] load .dockerignore
#6 transferring context: 2B done
#6 DONE 0.0s

#7 [internal] load build context
#7 transferring context: 675.49kB 0.0s done
#7 DONE 0.0s

#8 [build 1/6] FROM docker.io/library/node:20-slim@sha256:2cf067cfed83d5ea958367df9f966191a942351a2df77d6f0193e162b5febfc0
#8 resolve docker.io/library/node:20-slim@sha256:2cf067cfed83d5ea958367df9f966191a942351a2df77d6f0193e162b5febfc0 done
#8 sha256:ff86ea2e5edce334d19a34fbc65d1a511aa1fc823dba1110422f991aa56b44d4 0B / 28.24MB 0.1s
#8 sha256:e54aec64c365815cd7b91e718f00ac6e625562b1de09036b38614621b42c7582 0B / 3.31kB 0.1s
#8 sha256:2cf067cfed83d5ea958367df9f966191a942351a2df77d6f0193e162b5febfc0 6.49kB / 6.49kB done
#8 sha256:3d0f05455dea2c82e2f76e7e2543964c30f6b7d673fc1a83286736d44fe4c41c 1.93kB / 1.93kB done
#8 sha256:9da6b4e352d0d5c94963eba1832408f5b7b08839cd8be9b6610c05de5118c704 6.88kB / 6.88kB done
#8 sha256:ff86ea2e5edce334d19a34fbc65d1a511aa1fc823dba1110422f991aa56b44d4 28.24MB / 28.24MB 0.2s done
#8 sha256:e54aec64c365815cd7b91e718f00ac6e625562b1de09036b38614621b42c7582 3.31kB / 3.31kB 0.1s done
#8 sha256:804d4d68057cbb26cbcde9a735148ebc6589911bad32cf9dbddb5b0ba878bf1f 41.42MB / 41.42MB 0.3s done
#8 sha256:64cfb949317c9824fd081d55c59a7225bfe1f650c6395ba42d7ed0ccf51993d2 1.71MB / 1.71MB 0.2s done
#8 extracting sha256:ff86ea2e5edce334d19a34fbc65d1a511aa1fc823dba1110422f991aa56b44d4
#8 sha256:3c02fd806613748139b8b8a14a69ae3518a1b0e863c57c35aada3b92ed87fb31 447B / 447B 0.2s done
#8 ...

#9 [stage-1 1/2] FROM docker.io/library/nginx:stable-alpine@sha256:9f00a7a92624975cdd964ec71fbb86bf91dc117e86436a9a91fa7b5cdb9615d1
#9 resolve docker.io/library/nginx:stable-alpine@sha256:9f00a7a92624975cdd964ec71fbb86bf91dc117e86436a9a91fa7b5cdb9615d1 done
#9 extracting sha256:e6f31ffc071e5560b82a8685fba8214954e5721e3e49269d00958316edbe89fe 0.1s done
#9 sha256:9f00a7a92624975cdd964ec71fbb86bf91dc117e86436a9a91fa7b5cdb9615d1 10.32kB / 10.32kB done
#9 sha256:61f816887864af764259e28edb5331584ae2e42de57b3cb1e4f134d757559951 2.49kB / 2.49kB done
#9 sha256:1deb20213977c1182954baceb40b9c0817823a61b284716ae1fa87a94f99a393 1.87MB / 1.87MB 0.1s done
#9 sha256:278fa14e43da8662fc63fb54817d89af38d827e0b48d96b42f98aa856216b81a 405B / 405B 0.1s done
#9 sha256:d0701bd41f8279135aa6c81e23fbcdae7bcc3df591c47741405412a8dcdb2eab 12.30kB / 12.30kB done
#9 sha256:e6f31ffc071e5560b82a8685fba8214954e5721e3e49269d00958316edbe89fe 3.84MB / 3.84MB 0.0s done
#9 sha256:c79d40162f281479a472d6d2ec1b998ff1c2223c0e58305377d20a40b1c2298d 627B / 627B 0.0s done
#9 sha256:7d9cfad643ec786c3f1615bf34e06ab3db76bd608ad45596fa80ce280f845713 956B / 956B 0.1s done
#9 sha256:b264ebfe1e4251ad76c8fd2afe6195e806268c4e21ba61a54695d075e3bf39fe 1.21kB / 1.21kB 0.1s done
#9 sha256:440503bb46cabd1979a41645dbbc263ef369a604b30bac3652848206e7108bbd 1.40kB / 1.40kB 0.1s done
#9 sha256:f72ca00031358d34c7e480b2ea1e790ac65895f3bf1e216d2c40b36b483b879f 20.25MB / 20.25MB 0.2s done
#9 extracting sha256:1deb20213977c1182954baceb40b9c0817823a61b284716ae1fa87a94f99a393 0.1s done
#9 extracting sha256:c79d40162f281479a472d6d2ec1b998ff1c2223c0e58305377d20a40b1c2298d done
#9 extracting sha256:7d9cfad643ec786c3f1615bf34e06ab3db76bd608ad45596fa80ce280f845713 done
#9 extracting sha256:278fa14e43da8662fc63fb54817d89af38d827e0b48d96b42f98aa856216b81a done
#9 extracting sha256:b264ebfe1e4251ad76c8fd2afe6195e806268c4e21ba61a54695d075e3bf39fe done
#9 extracting sha256:440503bb46cabd1979a41645dbbc263ef369a604b30bac3652848206e7108bbd done
#9 extracting sha256:f72ca00031358d34c7e480b2ea1e790ac65895f3bf1e216d2c40b36b483b879f 0.4s done
#9 DONE 1.1s

#8 [build 1/6] FROM docker.io/library/node:20-slim@sha256:2cf067cfed83d5ea958367df9f966191a942351a2df77d6f0193e162b5febfc0
#8 extracting sha256:ff86ea2e5edce334d19a34fbc65d1a511aa1fc823dba1110422f991aa56b44d4 1.2s done
#8 extracting sha256:e54aec64c365815cd7b91e718f00ac6e625562b1de09036b38614621b42c7582 done
#8 extracting sha256:804d4d68057cbb26cbcde9a735148ebc6589911bad32cf9dbddb5b0ba878bf1f 0.1s
#8 extracting sha256:804d4d68057cbb26cbcde9a735148ebc6589911bad32cf9dbddb5b0ba878bf1f 1.1s done
#8 extracting sha256:64cfb949317c9824fd081d55c59a7225bfe1f650c6395ba42d7ed0ccf51993d2 0.0s done
#8 extracting sha256:3c02fd806613748139b8b8a14a69ae3518a1b0e863c57c35aada3b92ed87fb31 done
#8 DONE 2.8s

#10 [build 2/6] WORKDIR /app
#10 DONE 0.0s

#11 [build 3/6] COPY package*.json ./
#11 DONE 0.0s

#12 [build 4/6] RUN npm ci
#12 2.869 npm error code ERESOLVE
#12 2.870 npm error ERESOLVE could not resolve
#12 2.870 npm error
#12 2.870 npm error While resolving: vite-plugin-pwa@0.21.2
#12 2.870 npm error Found: vite@8.0.14
#12 2.870 npm error node_modules/vite
#12 2.870 npm error   dev vite@"^8.0.12" from the root project
#12 2.870 npm error   peer vite@"^8.0.0" from @vitejs/plugin-react@6.0.2
#12 2.870 npm error   node_modules/@vitejs/plugin-react
#12 2.870 npm error     dev @vitejs/plugin-react@"^6.0.1" from the root project
#12 2.870 npm error
#12 2.870 npm error Could not resolve dependency:
#12 2.870 npm error peer vite@"^3.1.0 || ^4.0.0 || ^5.0.0 || ^6.0.0" from vite-plugin-pwa@0.21.2
#12 2.870 npm error node_modules/vite-plugin-pwa
#12 2.870 npm error   dev vite-plugin-pwa@"^0.21.1" from the root project
#12 2.870 npm error
#12 2.870 npm error Conflicting peer dependency: vite@6.4.3
#12 2.870 npm error node_modules/vite
#12 2.870 npm error   peer vite@"^3.1.0 || ^4.0.0 || ^5.0.0 || ^6.0.0" from vite-plugin-pwa@0.21.2
#12 2.870 npm error   node_modules/vite-plugin-pwa
#12 2.870 npm error     dev vite-plugin-pwa@"^0.21.1" from the root project
#12 2.870 npm error
#12 2.870 npm error Fix the upstream dependency conflict, or retry
#12 2.870 npm error this command with --force or --legacy-peer-deps
#12 2.870 npm error to accept an incorrect (and potentially broken) dependency resolution.
#12 2.870 npm error
#12 2.870 npm error
#12 2.870 npm error For a full report see:
#12 2.870 npm error /root/.npm/_logs/2026-06-23T06_28_47_705Z-eresolve-report.txt
#12 2.872 npm notice
#12 2.872 npm notice New major version of npm available! 10.8.2 -> 11.17.0
#12 2.872 npm notice Changelog: https://github.com/npm/cli/releases/tag/v11.17.0
#12 2.872 npm notice To update run: npm install -g npm@11.17.0
#12 2.872 npm notice
#12 2.872 npm error A complete log of this run can be found in: /root/.npm/_logs/2026-06-23T06_28_47_705Z-debug-0.log
#12 ERROR: process "/bin/sh -c npm ci" did not complete successfully: exit code: 1
------
 > [build 4/6] RUN npm ci:
2.870 npm error
2.870 npm error
2.870 npm error For a full report see:
2.870 npm error /root/.npm/_logs/2026-06-23T06_28_47_705Z-eresolve-report.txt
2.872 npm notice
2.872 npm notice New major version of npm available! 10.8.2 -> 11.17.0
2.872 npm notice Changelog: https://github.com/npm/cli/releases/tag/v11.17.0
2.872 npm notice To update run: npm install -g npm@11.17.0
2.872 npm notice
2.872 npm error A complete log of this run can be found in: /root/.npm/_logs/2026-06-23T06_28_47_705Z-debug-0.log
------
Dockerfile:5
--------------------
   3 |     WORKDIR /app
   4 |     COPY package*.json ./
   5 | >>> RUN npm ci
   6 |     COPY . .
   7 |     RUN npm run build
--------------------
ERROR: failed to build: failed to solve: process "/bin/sh -c npm ci" did not complete successfully: exit code: 1
